Archive member included to satisfy reference by file (symbol)

c:/program files (x86)/atmel/studio/7.0/toolchain/arm/arm-gnu-toolchain/bin/../lib/gcc/arm-none-eabi/6.2.1/thumb/v6-m\libgcc.a(_udivsi3.o)
                              hpl/i2c/hpl_i2c.o (__aeabi_uidiv)
c:/program files (x86)/atmel/studio/7.0/toolchain/arm/arm-gnu-toolchain/bin/../lib/gcc/arm-none-eabi/6.2.1/thumb/v6-m\libgcc.a(_divsi3.o)
                              main.o (__aeabi_idiv)
c:/program files (x86)/atmel/studio/7.0/toolchain/arm/arm-gnu-toolchain/bin/../lib/gcc/arm-none-eabi/6.2.1/thumb/v6-m\libgcc.a(_dvmd_tls.o)
                              c:/program files (x86)/atmel/studio/7.0/toolchain/arm/arm-gnu-toolchain/bin/../lib/gcc/arm-none-eabi/6.2.1/thumb/v6-m\libgcc.a(_udivsi3.o) (__aeabi_idiv0)
c:/program files (x86)/atmel/studio/7.0/toolchain/arm/arm-gnu-toolchain/bin/../lib/gcc/arm-none-eabi/6.2.1/thumb/v6-m\libgcc.a(_arm_cmpdf2.o)
                              main.o (__aeabi_dcmplt)
c:/program files (x86)/atmel/studio/7.0/toolchain/arm/arm-gnu-toolchain/bin/../lib/gcc/arm-none-eabi/6.2.1/thumb/v6-m\libgcc.a(_arm_cmpsf2.o)
                              display/display.o (__aeabi_fcmplt)
c:/program files (x86)/atmel/studio/7.0/toolchain/arm/arm-gnu-toolchain/bin/../lib/gcc/arm-none-eabi/6.2.1/thumb/v6-m\libgcc.a(_aeabi_uldivmod.o)
                              sensors/MS5837.o (__aeabi_uldivmod)
c:/program files (x86)/atmel/studio/7.0/toolchain/arm/arm-gnu-toolchain/bin/../lib/gcc/arm-none-eabi/6.2.1/thumb/v6-m\libgcc.a(_muldi3.o)
                              sensors/MS5837.o (__aeabi_lmul)
c:/program files (x86)/atmel/studio/7.0/toolchain/arm/arm-gnu-toolchain/bin/../lib/gcc/arm-none-eabi/6.2.1/thumb/v6-m\libgcc.a(_fixunsdfsi.o)
                              hpl/i2c/hpl_i2c.o (__aeabi_d2uiz)
c:/program files (x86)/atmel/studio/7.0/toolchain/arm/arm-gnu-toolchain/bin/../lib/gcc/arm-none-eabi/6.2.1/thumb/v6-m\libgcc.a(_udivmoddi4.o)
                              c:/program files (x86)/atmel/studio/7.0/toolchain/arm/arm-gnu-toolchain/bin/../lib/gcc/arm-none-eabi/6.2.1/thumb/v6-m\libgcc.a(_aeabi_uldivmod.o) (__udivmoddi4)
c:/program files (x86)/atmel/studio/7.0/toolchain/arm/arm-gnu-toolchain/bin/../lib/gcc/arm-none-eabi/6.2.1/thumb/v6-m\libgcc.a(eqsf2.o)
                              c:/program files (x86)/atmel/studio/7.0/toolchain/arm/arm-gnu-toolchain/bin/../lib/gcc/arm-none-eabi/6.2.1/thumb/v6-m\libgcc.a(_arm_cmpsf2.o) (__eqsf2)
c:/program files (x86)/atmel/studio/7.0/toolchain/arm/arm-gnu-toolchain/bin/../lib/gcc/arm-none-eabi/6.2.1/thumb/v6-m\libgcc.a(gesf2.o)
                              c:/program files (x86)/atmel/studio/7.0/toolchain/arm/arm-gnu-toolchain/bin/../lib/gcc/arm-none-eabi/6.2.1/thumb/v6-m\libgcc.a(_arm_cmpsf2.o) (__gesf2)
c:/program files (x86)/atmel/studio/7.0/toolchain/arm/arm-gnu-toolchain/bin/../lib/gcc/arm-none-eabi/6.2.1/thumb/v6-m\libgcc.a(lesf2.o)
                              c:/program files (x86)/atmel/studio/7.0/toolchain/arm/arm-gnu-toolchain/bin/../lib/gcc/arm-none-eabi/6.2.1/thumb/v6-m\libgcc.a(_arm_cmpsf2.o) (__lesf2)
c:/program files (x86)/atmel/studio/7.0/toolchain/arm/arm-gnu-toolchain/bin/../lib/gcc/arm-none-eabi/6.2.1/thumb/v6-m\libgcc.a(mulsf3.o)
                              display/display.o (__aeabi_fmul)
c:/program files (x86)/atmel/studio/7.0/toolchain/arm/arm-gnu-toolchain/bin/../lib/gcc/arm-none-eabi/6.2.1/thumb/v6-m\libgcc.a(subsf3.o)
                              display/display.o (__aeabi_fsub)
c:/program files (x86)/atmel/studio/7.0/toolchain/arm/arm-gnu-toolchain/bin/../lib/gcc/arm-none-eabi/6.2.1/thumb/v6-m\libgcc.a(fixsfsi.o)
                              display/display.o (__aeabi_f2iz)
c:/program files (x86)/atmel/studio/7.0/toolchain/arm/arm-gnu-toolchain/bin/../lib/gcc/arm-none-eabi/6.2.1/thumb/v6-m\libgcc.a(floatsisf.o)
                              display/display.o (__aeabi_i2f)
c:/program files (x86)/atmel/studio/7.0/toolchain/arm/arm-gnu-toolchain/bin/../lib/gcc/arm-none-eabi/6.2.1/thumb/v6-m\libgcc.a(adddf3.o)
                              hpl/i2c/hpl_i2c.o (__aeabi_dadd)
c:/program files (x86)/atmel/studio/7.0/toolchain/arm/arm-gnu-toolchain/bin/../lib/gcc/arm-none-eabi/6.2.1/thumb/v6-m\libgcc.a(divdf3.o)
                              hpl/i2c/hpl_i2c.o (__aeabi_ddiv)
c:/program files (x86)/atmel/studio/7.0/toolchain/arm/arm-gnu-toolchain/bin/../lib/gcc/arm-none-eabi/6.2.1/thumb/v6-m\libgcc.a(eqdf2.o)
                              c:/program files (x86)/atmel/studio/7.0/toolchain/arm/arm-gnu-toolchain/bin/../lib/gcc/arm-none-eabi/6.2.1/thumb/v6-m\libgcc.a(_arm_cmpdf2.o) (__eqdf2)
c:/program files (x86)/atmel/studio/7.0/toolchain/arm/arm-gnu-toolchain/bin/../lib/gcc/arm-none-eabi/6.2.1/thumb/v6-m\libgcc.a(gedf2.o)
                              c:/program files (x86)/atmel/studio/7.0/toolchain/arm/arm-gnu-toolchain/bin/../lib/gcc/arm-none-eabi/6.2.1/thumb/v6-m\libgcc.a(_arm_cmpdf2.o) (__gedf2)
[...]
Memory Configuration

Name             Origin             Length             Attributes
ram              0x10008000         0x00017800         xrw
lram             0x1001f800         0x00000800         xrw
*default*        0x00000000         0xffffffff

Linker script and memory map

LOAD c:/program files (x86)/atmel/studio/7.0/toolchain/arm/arm-gnu-toolchain/bin/../lib/gcc/arm-none-eabi/6.2.1/thumb/v6-m/crti.o
LOAD c:/program files (x86)/atmel/studio/7.0/toolchain/arm/arm-gnu-toolchain/bin/../lib/gcc/arm-none-eabi/6.2.1/thumb/v6-m/crtbegin.o
LOAD c:/program files (x86)/atmel/studio/7.0/toolchain/arm/arm-gnu-toolchain/bin/../lib/gcc/arm-none-eabi/6.2.1/../../../../arm-none-eabi/lib/thumb/v6-m/crt0.o
LOAD atmel_start.o
LOAD Device_Startup/startup_samb11.o
LOAD Device_Startup/system_samb11.o
LOAD display/display.o
LOAD display/glcdfont.o
LOAD display/ST7735.o
LOAD driver_init.o
LOAD examples/driver_examples.o
LOAD hal/src/hal_atomic.o
LOAD hal/src/hal_gpio.o
LOAD hal/src/hal_i2c_m_sync.o
LOAD hal/src/hal_init.o
LOAD hal/src/hal_io.o
LOAD hal/src/hal_spi_m_async.o
LOAD hal/src/hal_spi_m_sync.o
LOAD hal/src/hal_timer.o
LOAD hal/src/hal_wdt.o
LOAD hal/utils/src/utils_assert.o
LOAD hal/utils/src/utils_list.o
LOAD hal/utils/src/utils_syscalls.o
LOAD hpl/aon_sleep_timer/hpl_aon_sleep_timer.o
LOAD hpl/core/hpl_core_m0_base.o
LOAD hpl/core/hpl_init.o
LOAD hpl/i2c/hpl_i2c.o
LOAD hpl/lpmcu_misc_regs/hpl_lpmcu_misc_regs.o
LOAD hpl/spi/hpl_spi.o
LOAD hpl/wdt/hpl_wdt.o
LOAD logging/logging.o
LOAD logging/spi_flash.o
LOAD logging/system_sam_b.o
LOAD logging/test_spi_flash.o
LOAD main.o
LOAD sensors/LSM303DLHC.o
LOAD sensors/MS5837.o
LOAD utilities.o
START GROUP
LOAD c:/program files (x86)/atmel/studio/7.0/toolchain/arm/arm-gnu-toolchain/bin/../lib/gcc/arm-none-eabi/6.2.1/../../../../arm-none-eabi/lib/thumb/v6-m\libm.a
END GROUP
START GROUP
LOAD c:/program files (x86)/atmel/studio/7.0/toolchain/arm/arm-gnu-toolchain/bin/../lib/gcc/arm-none-eabi/6.2.1/thumb/v6-m\libgcc.a
LOAD c:/program files (x86)/atmel/studio/7.0/toolchain/arm/arm-gnu-toolchain/bin/../lib/gcc/arm-none-eabi/6.2.1/../../../../arm-none-eabi/lib/thumb/v6-m\libc_nano.a
END GROUP
START GROUP
LOAD c:/program files (x86)/atmel/studio/7.0/toolchain/arm/arm-gnu-toolchain/bin/../lib/gcc/arm-none-eabi/6.2.1/thumb/v6-m\libgcc.a
LOAD c:/program files (x86)/atmel/studio/7.0/toolchain/arm/arm-gnu-toolchain/bin/../lib/gcc/arm-none-eabi/6.2.1/../../../../arm-none-eabi/lib/thumb/v6-m\libc_nano.a
END GROUP
LOAD c:/program files (x86)/atmel/studio/7.0/toolchain/arm/arm-gnu-toolchain/bin/../lib/gcc/arm-none-eabi/6.2.1/thumb/v6-m/crtend.o
LOAD c:/program files (x86)/atmel/studio/7.0/toolchain/arm/arm-gnu-toolchain/bin/../lib/gcc/arm-none-eabi/6.2.1/thumb/v6-m/crtn.o
                0x00000800                STACK_SIZE = DEFINED (STACK_SIZE)?STACK_SIZE:DEFINED (__stack_size__)?__stack_size__:0x800

.text           0x10008000     0x8bec
                0x10008000                . = ALIGN (0x4)
                0x10008000                _sfixed = .
 *(.test.main .text.app_entry)
 .text.app_entry
                0x10008000       0x74 Device_Startup/startup_samb11.o
                0x10008000                app_entry
 *(.text .text.* .gnu.linkonce.t.*)
 .text          0x10008074       0x60 c:/program files (x86)/atmel/studio/7.0/toolchain/arm/arm-gnu-toolchain/bin/../lib/gcc/arm-none-eabi/6.2.1/thumb/v6-m/crtbegin.o
 .text.atmel_start_init
                0x100080d4       0x14 atmel_start.o
                0x100080d4                atmel_start_init
 .text.format_depth_string
                0x100080e8       0xb0 display/display.o
                0x100080e8                format_depth_string
 .text.update_display
                0x10008198       0xd0 display/display.o
                0x10008198                update_display
 .text.hri_gpio_set_DATAOUT_reg
                0x10008268       0x28 display/ST7735.o
 .text.hri_gpio_clear_DATAOUT_reg
                0x10008290       0x32 display/ST7735.o
 *fill*         0x100082c2        0x2 
 .text._gpio_set_level
                0x100082c4       0x90 display/ST7735.o
 .text.gpio_set_pin_level
                0x10008354       0x40 display/ST7735.o
 .text.setAddrWindow
                0x10008394       0xa8 display/ST7735.o
                0x10008394                setAddrWindow
 .text.fillScreen
                0x1000843c       0x3c display/ST7735.o
                0x1000843c                fillScreen
 .text.fillRect
                0x10008478      0x1a4 display/ST7735.o
                0x10008478                fillRect
 .text.drawPixel
                0x1000861c       0xd8 display/ST7735.o
                0x1000861c                drawPixel
 .text.setRotation
                0x100086f4      0x20c display/ST7735.o
                0x100086f4                setRotation
 .text.commandList
                0x10008900       0xd8 display/ST7735.o
                0x10008900                commandList
 .text.writecommand
                0x100089d8       0x48 display/ST7735.o
                0x100089d8                writecommand
 .text.writedata
                0x10008a20       0x48 display/ST7735.o
                0x10008a20                writedata
 .text.drawChar
                0x10008a68      0x280 display/ST7735.o
                0x10008a68                drawChar
 .text.ST7732_set_cursor
                0x10008ce8       0x34 display/ST7735.o
                0x10008ce8                ST7732_set_cursor
 .text.ST7735_set_text_size
                0x10008d1c       0x20 display/ST7735.o
                0x10008d1c                ST7735_set_text_size
 .text.ST7735_print
                0x10008d3c       0x2c display/ST7735.o
                0x10008d3c                ST7735_print
 .text.ST7735_drawBitmap
                0x10008d68      0x14c display/ST7735.o
                0x10008d68                ST7735_drawBitmap
 .text.fastFillRect
                0x10008eb4      0x1e8 display/ST7735.o
                0x10008eb4                fastFillRect
 .text.write    0x1000909c       0xa8 display/ST7735.o
                0x1000909c                write
 .text.commonInit
                0x10009144       0x6c display/ST7735.o
                0x10009144                commonInit
 .text.initR    0x100091b0       0xe4 display/ST7735.o
                0x100091b0                initR
 .text.hri_gpio_set_DATAOUT_reg
                0x10009294       0x28 driver_init.o
 .text.hri_gpio_clear_DATAOUT_reg
                0x100092bc       0x32 driver_init.o
 .text.hri_gpio_set_OUTENSET_reg
                0x100092ee       0x28 driver_init.o
 .text.hri_gpio_clear_OUTENSET_reg
                0x10009316       0x32 driver_init.o
 .text.hri_lpmcumiscregsmiscregs_set_PINMUX_SEL_0_reg
                0x10009348       0x1e driver_init.o
 .text.hri_lpmcumiscregsmiscregs_clear_PINMUX_SEL_0_reg
                0x10009366       0x20 driver_init.o
 .text.hri_lpmcumiscregsmiscregs_set_PINMUX_SEL_1_reg
                0x10009386       0x1e driver_init.o
 .text.hri_lpmcumiscregsmiscregs_clear_PINMUX_SEL_1_reg
                0x100093a4       0x20 driver_init.o
 .text.hri_lpmcumiscregsmiscregs_set_PINMUX_SEL_2_reg
                0x100093c4       0x1e driver_init.o
 .text.hri_lpmcumiscregsmiscregs_clear_PINMUX_SEL_2_reg
                0x100093e2       0x20 driver_init.o
 .text.hri_lpmcumiscregsmiscregs_set_MEGA_MUX_IO_SEL_0_reg
                0x10009402       0x28 driver_init.o
 .text.hri_lpmcumiscregsmiscregs_clear_MEGA_MUX_IO_SEL_0_reg
                0x1000942a       0x2a driver_init.o
 .text.hri_lpmcumiscregsmiscregs_set_MEGA_MUX_IO_SEL_1_reg
                0x10009454       0x28 driver_init.o
 .text.hri_lpmcumiscregsmiscregs_clear_MEGA_MUX_IO_SEL_1_reg
                0x1000947c       0x2a driver_init.o
 .text.hri_lpmcumiscregsmiscregs_set_MEGA_MUX_IO_SEL_2_reg
                0x100094a6       0x28 driver_init.o
 .text.hri_lpmcumiscregsmiscregs_clear_MEGA_MUX_IO_SEL_2_reg
                0x100094ce       0x2a driver_init.o
 .text.hri_lpmcumiscregsmiscregs_set_MEGA_MUX_IO_SEL_3_reg
                0x100094f8       0x28 driver_init.o
 .text.hri_lpmcumiscregsmiscregs_clear_MEGA_MUX_IO_SEL_3_reg
                0x10009520       0x2a driver_init.o
 .text.hri_lpmcumiscregsmiscregs_set_MEGA_MUX_IO_SEL_4_reg
                0x1000954a       0x28 driver_init.o
 .text.hri_lpmcumiscregsmiscregs_clear_MEGA_MUX_IO_SEL_4_reg
                0x10009572       0x2a driver_init.o
 .text.hri_lpmcumiscregsmiscregs_set_MEGA_MUX_IO_SEL_5_reg
                0x1000959c       0x28 driver_init.o
 .text.hri_lpmcumiscregsmiscregs_clear_MEGA_MUX_IO_SEL_5_reg
                0x100095c4       0x2a driver_init.o
 *fill*         0x100095ee        0x2 
 .text._gpio_set_direction
                0x100095f0       0xd4 driver_init.o
 .text._gpio_set_level
                0x100096c4       0x90 driver_init.o
 .text._gpio_set_pin_function
                0x10009754      0x330 driver_init.o
 .text.gpio_set_pin_function
                0x10009a84       0x24 driver_init.o
 .text.gpio_set_pin_direction
                0x10009aa8       0x40 driver_init.o
 .text.gpio_set_pin_level
                0x10009ae8       0x40 driver_init.o
 .text.init_mcu
                0x10009b28       0x14 driver_init.o
 .text.TIMER_0_init
                0x10009b3c       0x2c driver_init.o
 .text.I2C_0_PORT_init
                0x10009b68       0x2c driver_init.o
                0x10009b68                I2C_0_PORT_init
 .text.I2C_0_CLOCK_init
                0x10009b94        0xa driver_init.o
                0x10009b94                I2C_0_CLOCK_init
 *fill*         0x10009b9e        0x2 
 .text.I2C_0_init
                0x10009ba0       0x34 driver_init.o
                0x10009ba0                I2C_0_init
 .text.I2C0_register_isr
                0x10009bd4        0xa driver_init.o
                0x10009bd4                I2C0_register_isr
 *fill*         0x10009bde        0x2 
 .text.SPI_0_PORT_init
                0x10009be0       0x98 driver_init.o
                0x10009be0                SPI_0_PORT_init
 .text.SPI_0_CLOCK_init
                0x10009c78        0xa driver_init.o
                0x10009c78                SPI_0_CLOCK_init
 *fill*         0x10009c82        0x2 
 .text.SPI_0_init
                0x10009c84       0x34 driver_init.o
                0x10009c84                SPI_0_init
 .text.AON_SLEEP_TIMER0_register_isr
                0x10009cb8       0x20 driver_init.o
                0x10009cb8                AON_SLEEP_TIMER0_register_isr
 .text.system_init
                0x10009cd8       0x3c driver_init.o
                0x10009cd8                system_init
 .text.atomic_enter_critical
                0x10009d14       0x22 hal/src/hal_atomic.o
                0x10009d14                atomic_enter_critical
 .text.atomic_leave_critical
                0x10009d36       0x20 hal/src/hal_atomic.o
                0x10009d36                atomic_leave_critical
 *fill*         0x10009d56        0x2 
 .text.i2c_m_sync_read
                0x10009d58       0x74 hal/src/hal_i2c_m_sync.o
 .text.i2c_m_sync_write
                0x10009dcc       0x74 hal/src/hal_i2c_m_sync.o
                0x10009dcc                i2c_m_sync_write
 .text.i2c_m_sync_init
                0x10009e40       0x60 hal/src/hal_i2c_m_sync.o
                0x10009e40                i2c_m_sync_init
 .text.i2c_m_sync_enable
                0x10009ea0       0x20 hal/src/hal_i2c_m_sync.o
                0x10009ea0                i2c_m_sync_enable
 .text.i2c_m_sync_cmd_read_multi
                0x10009ec0       0xa8 hal/src/hal_i2c_m_sync.o
                0x10009ec0                i2c_m_sync_cmd_read_multi
 .text.i2c_m_sync_get_io_descriptor
                0x10009f68       0x1e hal/src/hal_i2c_m_sync.o
                0x10009f68                i2c_m_sync_get_io_descriptor
 *fill*         0x10009f86        0x2 
 .text.io_write
                0x10009f88       0x54 hal/src/hal_io.o
                0x10009f88                io_write
 .text.spi_m_sync_init
                0x10009fdc       0x88 hal/src/hal_spi_m_sync.o
                0x10009fdc                spi_m_sync_init
 .text.spi_m_sync_enable
                0x1000a064       0x38 hal/src/hal_spi_m_sync.o
                0x1000a064                spi_m_sync_enable
 .text._spi_m_sync_io_read
                0x1000a09c       0x64 hal/src/hal_spi_m_sync.o
 .text._spi_m_sync_io_write
                0x1000a100       0x64 hal/src/hal_spi_m_sync.o
 .text.spi_m_sync_transfer
                0x1000a164       0x70 hal/src/hal_spi_m_sync.o
                0x1000a164                spi_m_sync_transfer
 .text.spi_m_sync_get_io_descriptor
                0x1000a1d4       0x4c hal/src/hal_spi_m_sync.o
                0x1000a1d4                spi_m_sync_get_io_descriptor
 .text.list_get_head
                0x1000a220       0x14 hal/src/hal_timer.o
 .text.list_get_next_element
                0x1000a234       0x1e hal/src/hal_timer.o
 *fill*         0x1000a252        0x2 
 .text.timer_init
                0x1000a254       0x64 hal/src/hal_timer.o
                0x1000a254                timer_init
 .text.timer_start
                0x1000a2b8       0x50 hal/src/hal_timer.o
                0x1000a2b8                timer_start
 .text.timer_add_task
                0x1000a308       0xfc hal/src/hal_timer.o
                0x1000a308                timer_add_task
 .text.timer_get_clock_cycles_in_tick
                0x1000a404       0x54 hal/src/hal_timer.o
                0x1000a404                timer_get_clock_cycles_in_tick
 .text.timer_add_timer_task
                0x1000a458       0xc4 hal/src/hal_timer.o
 .text.timer_process_counted
                0x1000a51c       0xc4 hal/src/hal_timer.o
 .text.assert   0x1000a5e0       0x2c hal/utils/src/utils_assert.o
                0x1000a5e0                assert
 .text.is_list_element
                0x1000a60c       0x34 hal/utils/src/utils_list.o
                0x1000a60c                is_list_element
 .text.list_insert_as_head
                0x1000a640       0x58 hal/utils/src/utils_list.o
                0x1000a640                list_insert_as_head
 .text.list_insert_after
                0x1000a698       0x20 hal/utils/src/utils_list.o
                0x1000a698                list_insert_after
 .text.list_remove_head
                0x1000a6b8       0x2e hal/utils/src/utils_list.o
                0x1000a6b8                list_remove_head
 *fill*         0x1000a6e6        0x2 
 .text._sbrk    0x1000a6e8       0x3c hal/utils/src/utils_syscalls.o
                0x1000a6e8                _sbrk
 .text.NVIC_EnableIRQ
                0x1000a724       0x2c hpl/aon_sleep_timer/hpl_aon_sleep_timer.o
 .text.NVIC_SetPendingIRQ
                0x1000a750       0x34 hpl/aon_sleep_timer/hpl_aon_sleep_timer.o
 .text.hri_aonsleeptimersleeptimer_set_CONTROL_RELOAD_ENABLE_bit
                0x1000a784       0x1c hpl/aon_sleep_timer/hpl_aon_sleep_timer.o
 .text.hri_aonsleeptimersleeptimer_set_CONTROL_IRQ_CLEAR_bit
                0x1000a7a0       0x1c hpl/aon_sleep_timer/hpl_aon_sleep_timer.o
 .text.hri_aonsleeptimersleeptimer_get_CONTROL_SLEEP_TIMER_ACTIVE_bit
                0x1000a7bc       0x28 hpl/aon_sleep_timer/hpl_aon_sleep_timer.o
 .text.hri_aonsleeptimersleeptimer_write_SINGLE_COUNT_DURATION_reg
                0x1000a7e4       0x18 hpl/aon_sleep_timer/hpl_aon_sleep_timer.o
 .text.hri_aonsleeptimersleeptimer_read_CURRENT_COUNT_VALUE_reg
                0x1000a7fc       0x14 hpl/aon_sleep_timer/hpl_aon_sleep_timer.o
 .text.AON_SLEEP_TIMER0_Handler
                0x1000a810       0x40 hpl/aon_sleep_timer/hpl_aon_sleep_timer.o
                0x1000a810                AON_SLEEP_TIMER0_Handler
 .text._timer_init
                0x1000a850       0x84 hpl/aon_sleep_timer/hpl_aon_sleep_timer.o
                0x1000a850                _timer_init
 .text._timer_start
                0x1000a8d4       0x4c hpl/aon_sleep_timer/hpl_aon_sleep_timer.o
                0x1000a8d4                _timer_start
 .text._timer_get_period
                0x1000a920       0x50 hpl/aon_sleep_timer/hpl_aon_sleep_timer.o
                0x1000a920                _timer_get_period
 .text._timer_is_started
                0x1000a970       0x50 hpl/aon_sleep_timer/hpl_aon_sleep_timer.o
                0x1000a970                _timer_is_started
 .text._timer_set_irq
                0x1000a9c0       0x34 hpl/aon_sleep_timer/hpl_aon_sleep_timer.o
                0x1000a9c0                _timer_set_irq
 .text._aon_get_timer
                0x1000a9f4        0xc hpl/aon_sleep_timer/hpl_aon_sleep_timer.o
                0x1000a9f4                _aon_get_timer
 .text._init_chip
                0x1000aa00       0x14 hpl/core/hpl_init.o
                0x1000aa00                _init_chip
 .text.hri_i2c_write_TRANSMIT_DATA_reg
                0x1000aa14       0x1e hpl/i2c/hpl_i2c.o
 .text.hri_i2c_write_FLUSH_reg
                0x1000aa32       0x20 hpl/i2c/hpl_i2c.o
 .text.hri_i2c_write_CLOCK_SOURCE_SELECT_CLOCK_bf
                0x1000aa52       0x52 hpl/i2c/hpl_i2c.o
 .text.hri_i2c_set_MODULE_ENABLE_ENABLE_bit
                0x1000aaa4       0x20 hpl/i2c/hpl_i2c.o
 .text.hri_i2c_get_MODULE_ENABLE_ENABLE_bit
                0x1000aac4       0x36 hpl/i2c/hpl_i2c.o
 .text.hri_i2c_write_CLK_DIVIDER_I2C_DIVIDE_RATIO_bf
                0x1000aafa       0x44 hpl/i2c/hpl_i2c.o
 .text.hri_i2c_set_MASTER_MODE_MASTER_ENABLE_bit
                0x1000ab3e       0x20 hpl/i2c/hpl_i2c.o
 .text.hri_i2c_set_ONBUS_ONBUS_ENABLE_bit
                0x1000ab5e       0x24 hpl/i2c/hpl_i2c.o
 .text.hri_i2c_clear_ONBUS_ONBUS_ENABLE_bit
                0x1000ab82       0x24 hpl/i2c/hpl_i2c.o
 .text.hri_i2c_read_RECEIVE_DATA_RX_BYTE_bf
                0x1000aba6       0x16 hpl/i2c/hpl_i2c.o
 .text.hri_i2c_get_TRANSMIT_STATUS_TX_FIFO_NOT_FULL_bit
                0x1000abbc       0x22 hpl/i2c/hpl_i2c.o
 .text.hri_i2c_get_TRANSMIT_STATUS_TX_FIFO_EMPTY_bit
                0x1000abde       0x22 hpl/i2c/hpl_i2c.o
 .text.hri_i2c_get_RECEIVE_STATUS_RX_FIFO_NOT_EMPTY_bit
                0x1000ac00       0x22 hpl/i2c/hpl_i2c.o
 .text.hri_i2c_get_STATUS_I2C_ACTIVE_bit
                0x1000ac22       0x24 hpl/i2c/hpl_i2c.o
 *fill*         0x1000ac46        0x2 
 .text._i2c_get_hardware_index
                0x1000ac48       0x20 hpl/i2c/hpl_i2c.o
 .text._get_m_i2c_index
                0x1000ac68       0x84 hpl/i2c/hpl_i2c.o
 .text._i2c_wait_for_idle
                0x1000acec       0x40 hpl/i2c/hpl_i2c.o
 .text._i2c_send_start
                0x1000ad2c       0x1c hpl/i2c/hpl_i2c.o
 .text._i2c_send_stop
                0x1000ad48       0x1c hpl/i2c/hpl_i2c.o
 .text._i2c_m_sync_enable
                0x1000ad64       0x50 hpl/i2c/hpl_i2c.o
                0x1000ad64                _i2c_m_sync_enable
 .text._i2c_send_address
                0x1000adb4       0x74 hpl/i2c/hpl_i2c.o
 .text._i2c_m_sync_init_impl
                0x1000ae28       0xbc hpl/i2c/hpl_i2c.o
 .text._i2c_m_sync_transfer
                0x1000aee4      0x1d4 hpl/i2c/hpl_i2c.o
                0x1000aee4                _i2c_m_sync_transfer
 .text._i2c_m_sync_init
                0x1000b0b8       0x68 hpl/i2c/hpl_i2c.o
                0x1000b0b8                _i2c_m_sync_init
 .text.hri_lpmcumiscregsmiscregs_set_LPMCU_CTRL_USE_BT26M_CLK_bit
                0x1000b120       0x1c hpl/lpmcu_misc_regs/hpl_lpmcu_misc_regs.o
 .text.hri_lpmcumiscregsmiscregs_set_LPMCU_CTRL_USE_ARM_LP_CLK_bit
                0x1000b13c       0x1c hpl/lpmcu_misc_regs/hpl_lpmcu_misc_regs.o
 .text.hri_lpmcumiscregsmiscregs_write_LPMCU_CTRL_LPMCU_CLK_SEL_bf
                0x1000b158       0x32 hpl/lpmcu_misc_regs/hpl_lpmcu_misc_regs.o
 *fill*         0x1000b18a        0x2 
 .text._lpmcu_misc_regs_init
                0x1000b18c       0x40 hpl/lpmcu_misc_regs/hpl_lpmcu_misc_regs.o
                0x1000b18c                _lpmcu_misc_regs_init
 .text.hri_spi_write_TRANSMIT_DATA_reg
                0x1000b1cc       0x1e hpl/spi/hpl_spi.o
 .text.hri_spi_write_CLOCK_SOURCE_SELECT_reg
                0x1000b1ea       0x1e hpl/spi/hpl_spi.o
 .text.hri_spi_write_CLK_DIVIDER_reg
                0x1000b208       0x1e hpl/spi/hpl_spi.o
 .text.hri_spi_set_MODULE_ENABLE_ENABLE_bit
                0x1000b226       0x20 hpl/spi/hpl_spi.o
 .text.hri_spi_get_MODULE_ENABLE_ENABLE_bit
                0x1000b246       0x36 hpl/spi/hpl_spi.o
 .text.hri_spi_set_MASTER_MODE_MASTER_ENABLE_bit
                0x1000b27c       0x20 hpl/spi/hpl_spi.o
 .text.hri_spi_clear_MASTER_MODE_MASTER_ENABLE_bit
                0x1000b29c       0x20 hpl/spi/hpl_spi.o
 .text.hri_spi_write_CONFIGURATION_SCK_POLARITY_bit
                0x1000b2bc       0x50 hpl/spi/hpl_spi.o
 .text.hri_spi_write_CONFIGURATION_SCK_PHASE_bit
                0x1000b30c       0x58 hpl/spi/hpl_spi.o
 .text.hri_spi_write_CONFIGURATION_LSB_FIRST_ENABLE_bit
                0x1000b364       0x58 hpl/spi/hpl_spi.o
 .text.hri_spi_get_BUS_STATUS_SPI_ACTIVE_bit
                0x1000b3bc       0x24 hpl/spi/hpl_spi.o
 .text._spi_get_hardware_index
                0x1000b3e0       0x20 hpl/spi/hpl_spi.o
 .text._spi_get_regs
                0x1000b400       0x7c hpl/spi/hpl_spi.o
 .text._spi_sync_enable
                0x1000b47c       0x20 hpl/spi/hpl_spi.o
 .text._spi_m_sync_init
                0x1000b49c      0x108 hpl/spi/hpl_spi.o
                0x1000b49c                _spi_m_sync_init
 .text._spi_m_sync_enable
                0x1000b5a4       0x50 hpl/spi/hpl_spi.o
                0x1000b5a4                _spi_m_sync_enable
 .text._spi_is_active
                0x1000b5f4       0x20 hpl/spi/hpl_spi.o
 .text._spi_tx_check
                0x1000b614       0x50 hpl/spi/hpl_spi.o
 .text._spi_m_sync_trans
                0x1000b664       0xe4 hpl/spi/hpl_spi.o
                0x1000b664                _spi_m_sync_trans
 .text.init_logger
                0x1000b748       0x8c logging/logging.o
                0x1000b748                init_logger
 .text.get_last_dive_id
                0x1000b7d4       0x30 logging/logging.o
                0x1000b7d4                get_last_dive_id
 .text.log_dive_record
                0x1000b804       0x58 logging/logging.o
                0x1000b804                log_dive_record
 .text.spi_flash_write_enable
                0x1000b85c       0x3c logging/spi_flash.o
 .text.spi_flash_write_disable
                0x1000b898       0x40 logging/spi_flash.o
 .text.spi_flash_read_status_reg
                0x1000b8d8       0x44 logging/spi_flash.o
 .text.spi_flash_page_program
                0x1000b91c       0xec logging/spi_flash.o
 .text.spi_flash_init
                0x1000ba08       0x2c logging/spi_flash.o
                0x1000ba08                spi_flash_init
 .text.spi_flash_read
                0x1000ba34      0x11c logging/spi_flash.o
                0x1000ba34                spi_flash_read
 .text.spi_flash_write
                0x1000bb50       0xfc logging/spi_flash.o
                0x1000bb50                spi_flash_write
 .text.spi_flash_leave_low_power_mode
                0x1000bc4c       0x3c logging/spi_flash.o
                0x1000bc4c                spi_flash_leave_low_power_mode
 .text.spi_flash_clock_init
                0x1000bc88       0x30 logging/spi_flash.o
                0x1000bc88                spi_flash_clock_init
 .text.system_clock_peripheral_enable
                0x1000bcb8      0x380 logging/system_sam_b.o
                0x1000bcb8                system_clock_peripheral_enable
 .text.system_clock_peripheral_disable
                0x1000c038      0x394 logging/system_sam_b.o
                0x1000c038                system_clock_peripheral_disable
 .text.system_clock_peripheral_freq_config
                0x1000c3cc      0x25c logging/system_sam_b.o
                0x1000c3cc                system_clock_peripheral_freq_config
 .text.system_peripheral_reset
                0x1000c628      0x5a0 logging/system_sam_b.o
                0x1000c628                system_peripheral_reset
 .text.i2c_init
                0x1000cbc8       0x30 main.o
                0x1000cbc8                i2c_init
 .text.spi_init
                0x1000cbf8       0x30 main.o
                0x1000cbf8                spi_init
 .text.TIMER_0_wakeup_task_cb
                0x1000cc28       0x20 main.o
 .text.TIMER_0_example
                0x1000cc48       0x44 main.o
                0x1000cc48                TIMER_0_example
 .text.peripherals_init
                0x1000cc8c       0x1c main.o
                0x1000cc8c                peripherals_init
 .text.sensors_init
                0x1000cca8       0x14 main.o
                0x1000cca8                sensors_init
 .text.screen_init
                0x1000ccbc       0x20 main.o
                0x1000ccbc                screen_init
 .text.pressure_to_depth
                0x1000ccdc       0x68 main.o
                0x1000ccdc                pressure_to_depth
 .text.dive_computer_init
                0x1000cd44       0x34 main.o
                0x1000cd44                dive_computer_init
 .text.run_dive_computer
                0x1000cd78      0x254 main.o
                0x1000cd78                run_dive_computer
 .text.main     0x1000cfcc       0x30 main.o
                0x1000cfcc                main
 .text.MS5837_init
                0x1000cffc       0xa0 sensors/MS5837.o
                0x1000cffc                MS5837_init
 .text.MS5837_get_adc_measurement
                0x1000d09c       0xac sensors/MS5837.o
                0x1000d09c                MS5837_get_adc_measurement
 .text.MS5857_get_measurements
                0x1000d148      0x500 sensors/MS5837.o
                0x1000d148                MS5857_get_measurements
 .text.delay    0x1000d648       0x2c utilities.o
                0x1000d648                delay
 .text          0x1000d674      0x114 c:/program files (x86)/atmel/studio/7.0/toolchain/arm/arm-gnu-toolchain/bin/../lib/gcc/arm-none-eabi/6.2.1/thumb/v6-m\libgcc.a(_udivsi3.o)
                0x1000d674                __aeabi_uidiv
                0x1000d674                __udivsi3
                0x1000d780                __aeabi_uidivmod
 .text          0x1000d788      0x1d4 c:/program files (x86)/atmel/studio/7.0/toolchain/arm/arm-gnu-toolchain/bin/../lib/gcc/arm-none-eabi/6.2.1/thumb/v6-m\libgcc.a(_divsi3.o)
                0x1000d788                __divsi3
                0x1000d788                __aeabi_idiv
                0x1000d954                __aeabi_idivmod
 .text          0x1000d95c        0x4 c:/program files (x86)/atmel/studio/7.0/toolchain/arm/arm-gnu-toolchain/bin/../lib/gcc/arm-none-eabi/6.2.1/thumb/v6-m\libgcc.a(_dvmd_tls.o)
                0x1000d95c                __aeabi_idiv0
                0x1000d95c                __aeabi_ldiv0
 .text          0x1000d960       0x7c c:/program files (x86)/atmel/studio/7.0/toolchain/arm/arm-gnu-toolchain/bin/../lib/gcc/arm-none-eabi/6.2.1/thumb/v6-m\libgcc.a(_arm_cmpdf2.o)
                0x1000d960                __aeabi_cdrcmple
                0x1000d970                __aeabi_cdcmple
                0x1000d970                __aeabi_cdcmpeq
                0x1000d980                __aeabi_dcmpeq
                0x1000d98c                __aeabi_dcmplt
                0x1000d9a0                __aeabi_dcmple
                0x1000d9b4                __aeabi_dcmpgt
                0x1000d9c8                __aeabi_dcmpge
 .text          0x1000d9dc       0x74 c:/program files (x86)/atmel/studio/7.0/toolchain/arm/arm-gnu-toolchain/bin/../lib/gcc/arm-none-eabi/6.2.1/thumb/v6-m\libgcc.a(_arm_cmpsf2.o)
                0x1000d9dc                __aeabi_cfrcmple
                0x1000d9e4                __aeabi_cfcmpeq
                0x1000d9e4                __aeabi_cfcmple
                0x1000d9f4                __aeabi_fcmpeq
                0x1000da00                __aeabi_fcmplt
                0x1000da14                __aeabi_fcmple
                0x1000da28                __aeabi_fcmpgt
                0x1000da3c                __aeabi_fcmpge
 .text          0x1000da50       0x40 c:/program files (x86)/atmel/studio/7.0/toolchain/arm/arm-gnu-toolchain/bin/../lib/gcc/arm-none-eabi/6.2.1/thumb/v6-m\libgcc.a(_aeabi_uldivmod.o)
                0x1000da50                __aeabi_uldivmod
 .text          0x1000da90       0x54 c:/program files (x86)/atmel/studio/7.0/toolchain/arm/arm-gnu-toolchain/bin/../lib/gcc/arm-none-eabi/6.2.1/thumb/v6-m\libgcc.a(_muldi3.o)
                0x1000da90                __muldi3
                0x1000da90                __aeabi_lmul
 .text          0x1000dae4      0x180 c:/program files (x86)/atmel/studio/7.0/toolchain/arm/arm-gnu-toolchain/bin/../lib/gcc/arm-none-eabi/6.2.1/thumb/v6-m\libgcc.a(_udivmoddi4.o)
                0x1000dae4                __udivmoddi4
 .text          0x1000dc64       0x4c c:/program files (x86)/atmel/studio/7.0/toolchain/arm/arm-gnu-toolchain/bin/../lib/gcc/arm-none-eabi/6.2.1/thumb/v6-m\libgcc.a(eqsf2.o)
                0x1000dc64                __eqsf2
                0x1000dc64                __nesf2
 .text          0x1000dcb0       0x80 c:/program files (x86)/atmel/studio/7.0/toolchain/arm/arm-gnu-toolchain/bin/../lib/gcc/arm-none-eabi/6.2.1/thumb/v6-m\libgcc.a(gesf2.o)
                0x1000dcb0                __gesf2
                0x1000dcb0                __gtsf2
 .text          0x1000dd30       0x84 c:/program files (x86)/atmel/studio/7.0/toolchain/arm/arm-gnu-toolchain/bin/../lib/gcc/arm-none-eabi/6.2.1/thumb/v6-m\libgcc.a(lesf2.o)
                0x1000dd30                __ltsf2
                0x1000dd30                __lesf2
 .text          0x1000ddb4      0x240 c:/program files (x86)/atmel/studio/7.0/toolchain/arm/arm-gnu-toolchain/bin/../lib/gcc/arm-none-eabi/6.2.1/thumb/v6-m\libgcc.a(mulsf3.o)
                0x1000ddb4                __aeabi_fmul
 .text          0x1000dff4      0x338 c:/program files (x86)/atmel/studio/7.0/toolchain/arm/arm-gnu-toolchain/bin/../lib/gcc/arm-none-eabi/6.2.1/thumb/v6-m\libgcc.a(subsf3.o)
                0x1000dff4                __aeabi_fsub
 .text          0x1000e32c       0x40 c:/program files (x86)/atmel/studio/7.0/toolchain/arm/arm-gnu-toolchain/bin/../lib/gcc/arm-none-eabi/6.2.1/thumb/v6-m\libgcc.a(fixsfsi.o)
                0x1000e32c                __aeabi_f2iz
 .text          0x1000e36c       0xa0 c:/program files (x86)/atmel/studio/7.0/toolchain/arm/arm-gnu-toolchain/bin/../lib/gcc/arm-none-eabi/6.2.1/thumb/v6-m\libgcc.a(floatsisf.o)
                0x1000e36c                __aeabi_i2f
 .text          0x1000e40c      0x668 c:/program files (x86)/atmel/studio/7.0/toolchain/arm/arm-gnu-toolchain/bin/../lib/gcc/arm-none-eabi/6.2.1/thumb/v6-m\libgcc.a(divdf3.o)
                0x1000e40c                __aeabi_ddiv
 .text          0x1000ea74       0x74 c:/program files (x86)/atmel/studio/7.0/toolchain/arm/arm-gnu-toolchain/bin/../lib/gcc/arm-none-eabi/6.2.1/thumb/v6-m\libgcc.a(eqdf2.o)
                0x1000ea74                __nedf2
                0x1000ea74                __eqdf2
 .text          0x1000eae8       0xc8 c:/program files (x86)/atmel/studio/7.0/toolchain/arm/arm-gnu-toolchain/bin/../lib/gcc/arm-none-eabi/6.2.1/thumb/v6-m\libgcc.a(gedf2.o)
                0x1000eae8                __gedf2
                0x1000eae8                __gtdf2
 .text          0x1000ebb0       0xc4 c:/program files (x86)/atmel/studio/7.0/toolchain/arm/arm-gnu-toolchain/bin/../lib/gcc/arm-none-eabi/6.2.1/thumb/v6-m\libgcc.a(ledf2.o)
                0x1000ebb0                __ledf2
                0x1000ebb0                __ltdf2
 .text          0x1000ec74       0x84 c:/program files (x86)/atmel/studio/7.0/toolchain/arm/arm-gnu-toolchain/bin/../lib/gcc/arm-none-eabi/6.2.1/thumb/v6-m\libgcc.a(floatsidf.o)
                0x1000ec74                __aeabi_i2d
 .text          0x1000ecf8       0xa4 c:/program files (x86)/atmel/studio/7.0/toolchain/arm/arm-gnu-toolchain/bin/../lib/gcc/arm-none-eabi/6.2.1/thumb/v6-m\libgcc.a(extendsfdf2.o)
                0x1000ecf8                __aeabi_f2d
 .text          0x1000ed9c      0x114 c:/program files (x86)/atmel/studio/7.0/toolchain/arm/arm-gnu-toolchain/bin/../lib/gcc/arm-none-eabi/6.2.1/thumb/v6-m\libgcc.a(truncdfsf2.o)
                0x1000ed9c                __aeabi_d2f
 .text          0x1000eeb0       0x3c c:/program files (x86)/atmel/studio/7.0/toolchain/arm/arm-gnu-toolchain/bin/../lib/gcc/arm-none-eabi/6.2.1/thumb/v6-m\libgcc.a(_clzsi2.o)
                0x1000eeb0                __clzsi2
 .text          0x1000eeec       0x18 c:/program files (x86)/atmel/studio/7.0/toolchain/arm/arm-gnu-toolchain/bin/../lib/gcc/arm-none-eabi/6.2.1/thumb/v6-m\libgcc.a(_clzdi2.o)
                0x1000eeec                __clzdi2
 .text.__libc_init_array
                0x1000ef04       0x48 c:/program files (x86)/atmel/studio/7.0/toolchain/arm/arm-gnu-toolchain/bin/../lib/gcc/arm-none-eabi/6.2.1/../../../../arm-none-eabi/lib/thumb/v6-m\libc_nano.a(lib_a-init.o)
                0x1000ef04                __libc_init_array
 .text.malloc   0x1000ef4c       0x14 c:/program files (x86)/atmel/studio/7.0/toolchain/arm/arm-gnu-toolchain/bin/../lib/gcc/arm-none-eabi/6.2.1/../../../../arm-none-eabi/lib/thumb/v6-m\libc_nano.a(lib_a-malloc.o)
                0x1000ef4c                malloc
 .text.free     0x1000ef60       0x14 c:/program files (x86)/atmel/studio/7.0/toolchain/arm/arm-gnu-toolchain/bin/../lib/gcc/arm-none-eabi/6.2.1/../../../../arm-none-eabi/lib/thumb/v6-m\libc_nano.a(lib_a-malloc.o)
                0x1000ef60                free
 .text.memset   0x1000ef74       0x10 c:/program files (x86)/atmel/studio/7.0/toolchain/arm/arm-gnu-toolchain/bin/../lib/gcc/arm-none-eabi/6.2.1/../../../../arm-none-eabi/lib/thumb/v6-m\libc_nano.a(lib_a-memset.o)
                0x1000ef74                memset
 .text._free_r  0x1000ef84       0x94 c:/program files (x86)/atmel/studio/7.0/toolchain/arm/arm-gnu-toolchain/bin/../lib/gcc/arm-none-eabi/6.2.1/../../../../arm-none-eabi/lib/thumb/v6-m\libc_nano.a(lib_a-nano-freer.o)
                0x1000ef84                _free_r
 .text._malloc_r
                0x1000f018       0xbc c:/program files (x86)/atmel/studio/7.0/toolchain/arm/arm-gnu-toolchain/bin/../lib/gcc/arm-none-eabi/6.2.1/../../../../arm-none-eabi/lib/thumb/v6-m\libc_nano.a(lib_a-nano-mallocr.o)
                0x1000f018                _malloc_r
 .text._sbrk_r  0x1000f0d4       0x24 c:/program files (x86)/atmel/studio/7.0/toolchain/arm/arm-gnu-toolchain/bin/../lib/gcc/arm-none-eabi/6.2.1/../../../../arm-none-eabi/lib/thumb/v6-m\libc_nano.a(lib_a-sbrkr.o)
                0x1000f0d4                _sbrk_r
 .text.sprintf  0x1000f0f8       0x44 c:/program files (x86)/atmel/studio/7.0/toolchain/arm/arm-gnu-toolchain/bin/../lib/gcc/arm-none-eabi/6.2.1/../../../../arm-none-eabi/lib/thumb/v6-m\libc_nano.a(lib_a-sprintf.o)
                0x1000f0f8                siprintf
                0x1000f0f8                sprintf
 .text.__malloc_lock
                0x1000f13c        0x2 c:/program files (x86)/atmel/studio/7.0/toolchain/arm/arm-gnu-toolchain/bin/../lib/gcc/arm-none-eabi/6.2.1/../../../../arm-none-eabi/lib/thumb/v6-m\libc_nano.a(lib_a-mlock.o)
                0x1000f13c                __malloc_lock
 .text.__malloc_unlock
                0x1000f13e        0x2 c:/program files (x86)/atmel/studio/7.0/toolchain/arm/arm-gnu-toolchain/bin/../lib/gcc/arm-none-eabi/6.2.1/../../../../arm-none-eabi/lib/thumb/v6-m\libc_nano.a(lib_a-mlock.o)
                0x1000f13e                __malloc_unlock
 .text.__ssputs_r
                0x1000f140       0xc4 c:/program files (x86)/atmel/studio/7.0/toolchain/arm/arm-gnu-toolchain/bin/../lib/gcc/arm-none-eabi/6.2.1/../../../../arm-none-eabi/lib/thumb/v6-m\libc_nano.a(lib_a-nano-svfprintf.o)
                0x1000f140                __ssputs_r
 .text._svfprintf_r
                0x1000f204      0x208 c:/program files (x86)/atmel/studio/7.0/toolchain/arm/arm-gnu-toolchain/bin/../lib/gcc/arm-none-eabi/6.2.1/../../../../arm-none-eabi/lib/thumb/v6-m\libc_nano.a(lib_a-nano-svfprintf.o)
                0x1000f204                _svfiprintf_r
                0x1000f204                _svfprintf_r
 .text._printf_common
                0x1000f40c       0xda c:/program files (x86)/atmel/studio/7.0/toolchain/arm/arm-gnu-toolchain/bin/../lib/gcc/arm-none-eabi/6.2.1/../../../../arm-none-eabi/lib/thumb/v6-m\libc_nano.a(lib_a-nano-vfprintf_i.o)
                0x1000f40c                _printf_common
 *fill*         0x1000f4e6        0x2 
 .text._printf_i
                0x1000f4e8      0x234 c:/program files (x86)/atmel/studio/7.0/toolchain/arm/arm-gnu-toolchain/bin/../lib/gcc/arm-none-eabi/6.2.1/../../../../arm-none-eabi/lib/thumb/v6-m\libc_nano.a(lib_a-nano-vfprintf_i.o)
                0x1000f4e8                _printf_i
 .text.memchr   0x1000f71c       0x16 c:/program files (x86)/atmel/studio/7.0/toolchain/arm/arm-gnu-toolchain/bin/../lib/gcc/arm-none-eabi/6.2.1/../../../../arm-none-eabi/lib/thumb/v6-m\libc_nano.a(lib_a-memchr-stub.o)
                0x1000f71c                memchr
 .text.memcpy   0x1000f732       0x12 c:/program files (x86)/atmel/studio/7.0/toolchain/arm/arm-gnu-toolchain/bin/../lib/gcc/arm-none-eabi/6.2.1/../../../../arm-none-eabi/lib/thumb/v6-m\libc_nano.a(lib_a-memcpy-stub.o)
                0x1000f732                memcpy
 .text.memmove  0x1000f744       0x24 c:/program files (x86)/atmel/studio/7.0/toolchain/arm/arm-gnu-toolchain/bin/../lib/gcc/arm-none-eabi/6.2.1/../../../../arm-none-eabi/lib/thumb/v6-m\libc_nano.a(lib_a-memmove.o)
                0x1000f744                memmove
 .text._realloc_r
                0x1000f768       0x4c c:/program files (x86)/atmel/studio/7.0/toolchain/arm/arm-gnu-toolchain/bin/../lib/gcc/arm-none-eabi/6.2.1/../../../../arm-none-eabi/lib/thumb/v6-m\libc_nano.a(lib_a-nano-reallocr.o)
                0x1000f768                _realloc_r
 .text._malloc_usable_size_r
                0x1000f7b4       0x10 c:/program files (x86)/atmel/studio/7.0/toolchain/arm/arm-gnu-toolchain/bin/../lib/gcc/arm-none-eabi/6.2.1/../../../../arm-none-eabi/lib/thumb/v6-m\libc_nano.a(lib_a-nano-msizer.o)
                0x1000f7b4                _malloc_usable_size_r
 *(.glue_7t)
 .glue_7t       0x1000f7c4        0x0 linker stubs
 *(.glue_7)
 .glue_7        0x1000f7c4        0x0 linker stubs
 *(.rodata .rodata* .gnu.linkonce.r.*)
 .rodata        0x1000f7c4       0x52 display/display.o
 *fill*         0x1000f816        0x2 
 .rodata        0x1000f818      0x60f display/ST7735.o
 *fill*         0x1000fe27        0x1 
 .rodata        0x1000fe28       0x35 driver_init.o
 *fill*         0x1000fe5d        0x3 
 .rodata        0x1000fe60       0x1c hal/src/hal_i2c_m_sync.o
 .rodata        0x1000fe7c       0x14 hal/src/hal_io.o
 .rodata        0x1000fe90       0x1c hal/src/hal_spi_m_sync.o
 .rodata        0x1000feac       0x17 hal/src/hal_timer.o
 *fill*         0x1000fec3        0x1 
 .rodata        0x1000fec4       0x1e hal/utils/src/utils_list.o
 *fill*         0x1000fee2        0x2 
 .rodata        0x1000fee4       0x2d hpl/aon_sleep_timer/hpl_aon_sleep_timer.o
 *fill*         0x1000ff11        0x3 
 .rodata        0x1000ff14       0x24 hpl/i2c/hpl_i2c.o
 .rodata        0x1000ff38       0x21 hpl/spi/hpl_spi.o
 *fill*         0x1000ff59        0x3 
 .rodata        0x1000ff5c      0x354 logging/system_sam_b.o
 .rodata        0x100102b0      0x804 main.o
                0x100102b4                splashscreen
 .rodata        0x10010ab4        0x3 sensors/MS5837.o
 *fill*         0x10010ab7        0x1 
 .rodata        0x10010ab8       0x40 c:/program files (x86)/atmel/studio/7.0/toolchain/arm/arm-gnu-toolchain/bin/../lib/gcc/arm-none-eabi/6.2.1/thumb/v6-m\libgcc.a(mulsf3.o)
 .rodata        0x10010af8       0x40 c:/program files (x86)/atmel/studio/7.0/toolchain/arm/arm-gnu-toolchain/bin/../lib/gcc/arm-none-eabi/6.2.1/thumb/v6-m\libgcc.a(divdf3.o)
 .rodata.__sf_fake_stderr
                0x10010b38       0x20 c:/program files (x86)/atmel/studio/7.0/toolchain/arm/arm-gnu-toolchain/bin/../lib/gcc/arm-none-eabi/6.2.1/../../../../arm-none-eabi/lib/thumb/v6-m\libc_nano.a(lib_a-findfp.o)
                0x10010b38                __sf_fake_stderr
 .rodata.__sf_fake_stdin
                0x10010b58       0x20 c:/program files (x86)/atmel/studio/7.0/toolchain/arm/arm-gnu-toolchain/bin/../lib/gcc/arm-none-eabi/6.2.1/../../../../arm-none-eabi/lib/thumb/v6-m\libc_nano.a(lib_a-findfp.o)
                0x10010b58                __sf_fake_stdin
 .rodata.__sf_fake_stdout
                0x10010b78       0x20 c:/program files (x86)/atmel/studio/7.0/toolchain/arm/arm-gnu-toolchain/bin/../lib/gcc/arm-none-eabi/6.2.1/../../../../arm-none-eabi/lib/thumb/v6-m\libc_nano.a(lib_a-findfp.o)
                0x10010b78                __sf_fake_stdout
 .rodata._svfprintf_r.str1.1
                0x10010b98       0x11 c:/program files (x86)/atmel/studio/7.0/toolchain/arm/arm-gnu-toolchain/bin/../lib/gcc/arm-none-eabi/6.2.1/../../../../arm-none-eabi/lib/thumb/v6-m\libc_nano.a(lib_a-nano-svfprintf.o)
 .rodata._printf_i.str1.1
                0x10010ba9       0x22 c:/program files (x86)/atmel/studio/7.0/toolchain/arm/arm-gnu-toolchain/bin/../lib/gcc/arm-none-eabi/6.2.1/../../../../arm-none-eabi/lib/thumb/v6-m\libc_nano.a(lib_a-nano-vfprintf_i.o)
 *(.ARM.extab* .gnu.linkonce.armextab.*)
                0x10010bcc                . = ALIGN (0x4)
 *fill*         0x10010bcb        0x1 
 *(.init)
 .init          0x10010bcc        0x4 c:/program files (x86)/atmel/studio/7.0/toolchain/arm/arm-gnu-toolchain/bin/../lib/gcc/arm-none-eabi/6.2.1/thumb/v6-m/crti.o
                0x10010bcc                _init
 .init          0x10010bd0        0x8 c:/program files (x86)/atmel/studio/7.0/toolchain/arm/arm-gnu-toolchain/bin/../lib/gcc/arm-none-eabi/6.2.1/thumb/v6-m/crtn.o
                0x10010bd8                . = ALIGN (0x4)
                0x10010bd8                __preinit_array_start = .
 *(.preinit_array)
                0x10010bd8                __preinit_array_end = .
                0x10010bd8                . = ALIGN (0x4)
                0x10010bd8                __init_array_start = .
 *(SORT(.init_array.*))
 *(.init_array)
 .init_array    0x10010bd8        0x4 c:/program files (x86)/atmel/studio/7.0/toolchain/arm/arm-gnu-toolchain/bin/../lib/gcc/arm-none-eabi/6.2.1/thumb/v6-m/crtbegin.o
                0x10010bdc                __init_array_end = .
                0x10010bdc                . = ALIGN (0x4)
 *crtbegin.o(.ctors)
 *(EXCLUDE_FILE(*crtend.o) .ctors)
 *(SORT(.ctors.*))
 *crtend.o(.ctors)
                0x10010bdc                . = ALIGN (0x4)
 *(.fini)
 .fini          0x10010bdc        0x4 c:/program files (x86)/atmel/studio/7.0/toolchain/arm/arm-gnu-toolchain/bin/../lib/gcc/arm-none-eabi/6.2.1/thumb/v6-m/crti.o
                0x10010bdc                _fini
 .fini          0x10010be0        0x8 c:/program files (x86)/atmel/studio/7.0/toolchain/arm/arm-gnu-toolchain/bin/../lib/gcc/arm-none-eabi/6.2.1/thumb/v6-m/crtn.o
                0x10010be8                . = ALIGN (0x4)
                0x10010be8                __fini_array_start = .
 *(.fini_array)
 .fini_array    0x10010be8        0x4 c:/program files (x86)/atmel/studio/7.0/toolchain/arm/arm-gnu-toolchain/bin/../lib/gcc/arm-none-eabi/6.2.1/thumb/v6-m/crtbegin.o
 *(SORT(.fini_array.*))
                0x10010bec                __fini_array_end = .
 *crtbegin.o(.dtors)
 *(EXCLUDE_FILE(*crtend.o) .dtors)
 *(SORT(.dtors.*))
 *crtend.o(.dtors)
                0x10010bec                . = ALIGN (0x4)
                0x10010bec                _efixed = .

.vfp11_veneer   0x10010bec        0x0
 .vfp11_veneer  0x10010bec        0x0 linker stubs

.v4_bx          0x10010bec        0x0
 .v4_bx         0x10010bec        0x0 linker stubs

.iplt           0x10010bec        0x0
 .iplt          0x10010bec        0x0 c:/program files (x86)/atmel/studio/7.0/toolchain/arm/arm-gnu-toolchain/bin/../lib/gcc/arm-none-eabi/6.2.1/thumb/v6-m/crtbegin.o

.rel.dyn        0x10010bec        0x0
 .rel.iplt      0x10010bec        0x0 c:/program files (x86)/atmel/studio/7.0/toolchain/arm/arm-gnu-toolchain/bin/../lib/gcc/arm-none-eabi/6.2.1/thumb/v6-m/crtbegin.o
                0x10010bec                . = ALIGN (0x4)
                0x10010bec                _etext = .

.relocate       0x10010bec       0x68
                0x10010bec                . = ALIGN (0x4)
                0x10010bec                _srelocate = .
 *(.ramfunc .ramfunc.*)
 *(.data .data.*)
 .data          0x10010bec        0x4 display/ST7735.o
                0x10010bec                textsize
                0x10010bee                textcolor
 .data._impure_ptr
                0x10010bf0        0x4 c:/program files (x86)/atmel/studio/7.0/toolchain/arm/arm-gnu-toolchain/bin/../lib/gcc/arm-none-eabi/6.2.1/../../../../arm-none-eabi/lib/thumb/v6-m\libc_nano.a(lib_a-impure.o)
                0x10010bf0                _impure_ptr
 .data.impure_data
                0x10010bf4       0x60 c:/program files (x86)/atmel/studio/7.0/toolchain/arm/arm-gnu-toolchain/bin/../lib/gcc/arm-none-eabi/6.2.1/../../../../arm-none-eabi/lib/thumb/v6-m\libc_nano.a(lib_a-impure.o)
                0x10010c54                . = ALIGN (0x4)
                0x10010c54                _erelocate = .

.bss            0x10010c54     0x8388
                0x10010c54                . = ALIGN (0x4)
                0x10010c54                _sbss = .
                0x10010c54                _szero = .
 *(.bss .bss.*)
 .bss           0x10010c54       0x1c c:/program files (x86)/atmel/studio/7.0/toolchain/arm/arm-gnu-toolchain/bin/../lib/gcc/arm-none-eabi/6.2.1/thumb/v6-m/crtbegin.o
 .bss           0x10010c70      0x4b0 display/display.o
                0x10010c70                buffer
                0x10010d10                acceleration_string
                0x10010ea0                MS5837_output_string
                0x10011030                depth_string
                0x10011080                dive_id_string
                0x100110d0                ticks_string
 .bss           0x10011120        0x6 display/ST7735.o
                0x10011120                _rst
                0x10011121                gfxFont
                0x10011122                cursor_x
                0x10011123                cursor_y
                0x10011124                textbgcolor
 *fill*         0x10011126        0x2 
 .bss           0x10011128        0x4 hal/utils/src/utils_syscalls.o
 .bss           0x1001112c        0x4 hpl/aon_sleep_timer/hpl_aon_sleep_timer.o
 .bss           0x10011130        0x4 main.o
                0x10011130                ticks
 .bss.__malloc_free_list
                0x10011134        0x4 c:/program files (x86)/atmel/studio/7.0/toolchain/arm/arm-gnu-toolchain/bin/../lib/gcc/arm-none-eabi/6.2.1/../../../../arm-none-eabi/lib/thumb/v6-m\libc_nano.a(lib_a-nano-mallocr.o)
                0x10011134                __malloc_free_list
 .bss.__malloc_sbrk_start
                0x10011138        0x4 c:/program files (x86)/atmel/studio/7.0/toolchain/arm/arm-gnu-toolchain/bin/../lib/gcc/arm-none-eabi/6.2.1/../../../../arm-none-eabi/lib/thumb/v6-m\libc_nano.a(lib_a-nano-mallocr.o)
                0x10011138                __malloc_sbrk_start
 *(COMMON)
 COMMON         0x1001113c      0x110 display/ST7735.o
                0x1001113c                tabcolor
                0x10011140                io_lcd_spi
                0x10011144                xstart
                0x10011145                ystart
                0x10011148                line_buffer
                0x10011248                _width
                0x10011249                colstart
                0x1001124a                _height
                0x1001124b                rowstart
 COMMON         0x1001124c       0x54 driver_init.o
                0x1001124c                WDT_0
                0x10011250                SPI_0
                0x10011264                I2C_0
                0x10011284                TIMER_0
 COMMON         0x100112a0     0x7d08 logging/logging.o
                0x100112a0                active_logger
                0x10018fa4                logger_ptr
 COMMON         0x10018fa8       0x18 main.o
                0x10018fa8                io_i2c
                0x10018fac                TIMER_0_task
 COMMON         0x10018fc0       0x16 sensors/MS5837.o
                0x10018fc0                _pressure_actual
                0x10018fc4                _temperature_actual
                0x10018fc8                coefficient
 *fill*         0x10018fd6        0x2 
 COMMON         0x10018fd8        0x4 c:/program files (x86)/atmel/studio/7.0/toolchain/arm/arm-gnu-toolchain/bin/../lib/gcc/arm-none-eabi/6.2.1/../../../../arm-none-eabi/lib/thumb/v6-m\libc_nano.a(lib_a-reent.o)
                0x10018fd8                errno
                0x10018fdc                . = ALIGN (0x4)
                0x10018fdc                _ebss = .
                0x10018fdc                _ezero = .

.stack          0x10018fdc      0x804
                0x10018fe0                . = ALIGN (0x8)
 *fill*         0x10018fdc        0x4 
                0x10018fe0                _sstack = .
                0x100197e0                . = (. + STACK_SIZE)
 *fill*         0x10018fe0      0x800 
                0x100197e0                . = ALIGN (0x8)
                0x100197e0                _estack = .
                [!provide]                PROVIDE (__exidx_start, .)

.ARM.exidx      0x100197e0        0x8
 *(.ARM.exidx* .gnu.linkonce.armexidx.*)
 .ARM.exidx     0x100197e0        0x8 c:/program files (x86)/atmel/studio/7.0/toolchain/arm/arm-gnu-toolchain/bin/../lib/gcc/arm-none-eabi/6.2.1/thumb/v6-m\libgcc.a(_udivmoddi4.o)
                [!provide]                PROVIDE (__exidx_end, .)
                0x100197e8                . = ALIGN (0x4)
                0x100197e8                _end = .
OUTPUT(Dive Computer.elf elf32-littlearm)

.eh_frame       0x100197e8        0x0
 .eh_frame      0x100197e8        0x0 c:/program files (x86)/atmel/studio/7.0/toolchain/arm/arm-gnu-toolchain/bin/../lib/gcc/arm-none-eabi/6.2.1/thumb/v6-m/crtbegin.o

.jcr            0x100197e8        0x0
 .jcr           0x100197e8        0x0 c:/program files (x86)/atmel/studio/7.0/toolchain/arm/arm-gnu-toolchain/bin/../lib/gcc/arm-none-eabi/6.2.1/thumb/v6-m/crtbegin.o

.igot.plt       0x100197e8        0x0
 .igot.plt      0x100197e8        0x0 c:/program files (x86)/atmel/studio/7.0/toolchain/arm/arm-gnu-toolchain/bin/../lib/gcc/arm-none-eabi/6.2.1/thumb/v6-m/crtbegin.o

.ARM.attributes
                0x00000000       0x28
 .ARM.attributes
                0x00000000       0x1e c:/program files (x86)/atmel/studio/7.0/toolchain/arm/arm-gnu-toolchain/bin/../lib/gcc/arm-none-eabi/6.2.1/thumb/v6-m/crti.o
 .ARM.attributes
                0x0000001e       0x2c c:/program files (x86)/atmel/studio/7.0/toolchain/arm/arm-gnu-toolchain/bin/../lib/gcc/arm-none-eabi/6.2.1/thumb/v6-m/crtbegin.o
 .ARM.attributes
                0x0000004a       0x31 atmel_start.o
 .ARM.attributes
                0x0000007b       0x31 Device_Startup/startup_samb11.o
 .ARM.attributes
                0x000000ac       0x31 display/display.o
 .ARM.attributes
                0x000000dd       0x31 display/ST7735.o
 .ARM.attributes
                0x0000010e       0x31 driver_init.o
 .ARM.attributes
                0x0000013f       0x31 hal/src/hal_atomic.o
 .ARM.attributes
                0x00000170       0x31 hal/src/hal_i2c_m_sync.o
 .ARM.attributes
                0x000001a1       0x31 hal/src/hal_io.o
 .ARM.attributes
                0x000001d2       0x31 hal/src/hal_spi_m_sync.o
 .ARM.attributes
                0x00000203       0x31 hal/src/hal_timer.o
 .ARM.attributes
                0x00000234       0x31 hal/utils/src/utils_assert.o
 .ARM.attributes
                0x00000265       0x31 hal/utils/src/utils_list.o
 .ARM.attributes
                0x00000296       0x31 hal/utils/src/utils_syscalls.o
 .ARM.attributes
                0x000002c7       0x31 hpl/aon_sleep_timer/hpl_aon_sleep_timer.o
 .ARM.attributes
                0x000002f8       0x31 hpl/core/hpl_init.o
 .ARM.attributes
                0x00000329       0x31 hpl/i2c/hpl_i2c.o
 .ARM.attributes
                0x0000035a       0x31 hpl/lpmcu_misc_regs/hpl_lpmcu_misc_regs.o
 .ARM.attributes
                0x0000038b       0x31 hpl/spi/hpl_spi.o
 .ARM.attributes
                0x000003bc       0x31 logging/logging.o
 .ARM.attributes
                0x000003ed       0x31 logging/spi_flash.o
 .ARM.attributes
                0x0000041e       0x31 logging/system_sam_b.o
 .ARM.attributes
                0x0000044f       0x31 main.o
 .ARM.attributes
                0x00000480       0x31 sensors/MS5837.o
 .ARM.attributes
                0x000004b1       0x31 utilities.o
 .ARM.attributes
                0x000004e2       0x1e c:/program files (x86)/atmel/studio/7.0/toolchain/arm/arm-gnu-toolchain/bin/../lib/gcc/arm-none-eabi/6.2.1/thumb/v6-m\libgcc.a(_udivsi3.o)
 .ARM.attributes
                0x00000500       0x1e c:/program files (x86)/atmel/studio/7.0/toolchain/arm/arm-gnu-toolchain/bin/../lib/gcc/arm-none-eabi/6.2.1/thumb/v6-m\libgcc.a(_divsi3.o)
 .ARM.attributes
                0x0000051e       0x1e c:/program files (x86)/atmel/studio/7.0/toolchain/arm/arm-gnu-toolchain/bin/../lib/gcc/arm-none-eabi/6.2.1/thumb/v6-m\libgcc.a(_dvmd_tls.o)
 .ARM.attributes
                0x0000053c       0x1e c:/program files (x86)/atmel/studio/7.0/toolchain/arm/arm-gnu-toolchain/bin/../lib/gcc/arm-none-eabi/6.2.1/thumb/v6-m\libgcc.a(_arm_cmpdf2.o)
 .ARM.attributes
                0x0000055a       0x1e c:/program files (x86)/atmel/studio/7.0/toolchain/arm/arm-gnu-toolchain/bin/../lib/gcc/arm-none-eabi/6.2.1/thumb/v6-m\libgcc.a(_arm_cmpsf2.o)
 .ARM.attributes
                0x00000578       0x1e c:/program files (x86)/atmel/studio/7.0/toolchain/arm/arm-gnu-toolchain/bin/../lib/gcc/arm-none-eabi/6.2.1/thumb/v6-m\libgcc.a(_aeabi_uldivmod.o)
 .ARM.attributes
                0x00000596       0x2c c:/program files (x86)/atmel/studio/7.0/toolchain/arm/arm-gnu-toolchain/bin/../lib/gcc/arm-none-eabi/6.2.1/thumb/v6-m\libgcc.a(_muldi3.o)
 .ARM.attributes
                0x000005c2       0x2c c:/program files (x86)/atmel/studio/7.0/toolchain/arm/arm-gnu-toolchain/bin/../lib/gcc/arm-none-eabi/6.2.1/thumb/v6-m\libgcc.a(_udivmoddi4.o)
 .ARM.attributes
                0x000005ee       0x2c c:/program files (x86)/atmel/studio/7.0/toolchain/arm/arm-gnu-toolchain/bin/../lib/gcc/arm-none-eabi/6.2.1/thumb/v6-m\libgcc.a(eqsf2.o)
 .ARM.attributes
                0x0000061a       0x2c c:/program files (x86)/atmel/studio/7.0/toolchain/arm/arm-gnu-toolchain/bin/../lib/gcc/arm-none-eabi/6.2.1/thumb/v6-m\libgcc.a(gesf2.o)
 .ARM.attributes
                0x00000646       0x2c c:/program files (x86)/atmel/studio/7.0/toolchain/arm/arm-gnu-toolchain/bin/../lib/gcc/arm-none-eabi/6.2.1/thumb/v6-m\libgcc.a(lesf2.o)
 .ARM.attributes
                0x00000672       0x2c c:/program files (x86)/atmel/studio/7.0/toolchain/arm/arm-gnu-toolchain/bin/../lib/gcc/arm-none-eabi/6.2.1/thumb/v6-m\libgcc.a(mulsf3.o)
 .ARM.attributes
                0x0000069e       0x2c c:/program files (x86)/atmel/studio/7.0/toolchain/arm/arm-gnu-toolchain/bin/../lib/gcc/arm-none-eabi/6.2.1/thumb/v6-m\libgcc.a(subsf3.o)
 .ARM.attributes
                0x000006ca       0x2c c:/program files (x86)/atmel/studio/7.0/toolchain/arm/arm-gnu-toolchain/bin/../lib/gcc/arm-none-eabi/6.2.1/thumb/v6-m\libgcc.a(fixsfsi.o)
 .ARM.attributes
                0x000006f6       0x2c c:/program files (x86)/atmel/studio/7.0/toolchain/arm/arm-gnu-toolchain/bin/../lib/gcc/arm-none-eabi/6.2.1/thumb/v6-m\libgcc.a(floatsisf.o)
 .ARM.attributes
                0x00000722       0x2c c:/program files (x86)/atmel/studio/7.0/toolchain/arm/arm-gnu-toolchain/bin/../lib/gcc/arm-none-eabi/6.2.1/thumb/v6-m\libgcc.a(divdf3.o)
 .ARM.attributes
                0x0000074e       0x2c c:/program files (x86)/atmel/studio/7.0/toolchain/arm/arm-gnu-toolchain/bin/../lib/gcc/arm-none-eabi/6.2.1/thumb/v6-m\libgcc.a(eqdf2.o)
 .ARM.attributes
                0x0000077a       0x2c c:/program files (x86)/atmel/studio/7.0/toolchain/arm/arm-gnu-toolchain/bin/../lib/gcc/arm-none-eabi/6.2.1/thumb/v6-m\libgcc.a(gedf2.o)
 .ARM.attributes
                0x000007a6       0x2c c:/program files (x86)/atmel/studio/7.0/toolchain/arm/arm-gnu-toolchain/bin/../lib/gcc/arm-none-eabi/6.2.1/thumb/v6-m\libgcc.a(ledf2.o)
 .ARM.attributes
                0x000007d2       0x2c c:/program files (x86)/atmel/studio/7.0/toolchain/arm/arm-gnu-toolchain/bin/../lib/gcc/arm-none-eabi/6.2.1/thumb/v6-m\libgcc.a(floatsidf.o)
 .ARM.attributes
                0x000007fe       0x2c c:/program files (x86)/atmel/studio/7.0/toolchain/arm/arm-gnu-toolchain/bin/../lib/gcc/arm-none-eabi/6.2.1/thumb/v6-m\libgcc.a(extendsfdf2.o)
 .ARM.attributes
                0x0000082a       0x2c c:/program files (x86)/atmel/studio/7.0/toolchain/arm/arm-gnu-toolchain/bin/../lib/gcc/arm-none-eabi/6.2.1/thumb/v6-m\libgcc.a(truncdfsf2.o)
 .ARM.attributes
                0x00000856       0x1e c:/program files (x86)/atmel/studio/7.0/toolchain/arm/arm-gnu-toolchain/bin/../lib/gcc/arm-none-eabi/6.2.1/thumb/v6-m\libgcc.a(_clzsi2.o)
 .ARM.attributes
                0x00000874       0x1e c:/program files (x86)/atmel/studio/7.0/toolchain/arm/arm-gnu-toolchain/bin/../lib/gcc/arm-none-eabi/6.2.1/thumb/v6-m\libgcc.a(_clzdi2.o)
 .ARM.attributes
                0x00000892       0x2c c:/program files (x86)/atmel/studio/7.0/toolchain/arm/arm-gnu-toolchain/bin/../lib/gcc/arm-none-eabi/6.2.1/../../../../arm-none-eabi/lib/thumb/v6-m\libc_nano.a(lib_a-impure.o)
 .ARM.attributes
                0x000008be       0x2c c:/program files (x86)/atmel/studio/7.0/toolchain/arm/arm-gnu-toolchain/bin/../lib/gcc/arm-none-eabi/6.2.1/../../../../arm-none-eabi/lib/thumb/v6-m\libc_nano.a(lib_a-init.o)
 .ARM.attributes
                0x000008ea       0x2c c:/program files (x86)/atmel/studio/7.0/toolchain/arm/arm-gnu-toolchain/bin/../lib/gcc/arm-none-eabi/6.2.1/../../../../arm-none-eabi/lib/thumb/v6-m\libc_nano.a(lib_a-malloc.o)
 .ARM.attributes
                0x00000916       0x2c c:/program files (x86)/atmel/studio/7.0/toolchain/arm/arm-gnu-toolchain/bin/../lib/gcc/arm-none-eabi/6.2.1/../../../../arm-none-eabi/lib/thumb/v6-m\libc_nano.a(lib_a-memset.o)
 .ARM.attributes
                0x00000942       0x2c c:/program files (x86)/atmel/studio/7.0/toolchain/arm/arm-gnu-toolchain/bin/../lib/gcc/arm-none-eabi/6.2.1/../../../../arm-none-eabi/lib/thumb/v6-m\libc_nano.a(lib_a-nano-freer.o)
 .ARM.attributes
                0x0000096e       0x2c c:/program files (x86)/atmel/studio/7.0/toolchain/arm/arm-gnu-toolchain/bin/../lib/gcc/arm-none-eabi/6.2.1/../../../../arm-none-eabi/lib/thumb/v6-m\libc_nano.a(lib_a-nano-mallocr.o)
 .ARM.attributes
                0x0000099a       0x2c c:/program files (x86)/atmel/studio/7.0/toolchain/arm/arm-gnu-toolchain/bin/../lib/gcc/arm-none-eabi/6.2.1/../../../../arm-none-eabi/lib/thumb/v6-m\libc_nano.a(lib_a-sbrkr.o)
 .ARM.attributes
                0x000009c6       0x2c c:/program files (x86)/atmel/studio/7.0/toolchain/arm/arm-gnu-toolchain/bin/../lib/gcc/arm-none-eabi/6.2.1/../../../../arm-none-eabi/lib/thumb/v6-m\libc_nano.a(lib_a-sprintf.o)
 .ARM.attributes
                0x000009f2       0x2c c:/program files (x86)/atmel/studio/7.0/toolchain/arm/arm-gnu-toolchain/bin/../lib/gcc/arm-none-eabi/6.2.1/../../../../arm-none-eabi/lib/thumb/v6-m\libc_nano.a(lib_a-findfp.o)
 .ARM.attributes
                0x00000a1e       0x2c c:/program files (x86)/atmel/studio/7.0/toolchain/arm/arm-gnu-toolchain/bin/../lib/gcc/arm-none-eabi/6.2.1/../../../../arm-none-eabi/lib/thumb/v6-m\libc_nano.a(lib_a-mlock.o)
 .ARM.attributes
                0x00000a4a       0x2c c:/program files (x86)/atmel/studio/7.0/toolchain/arm/arm-gnu-toolchain/bin/../lib/gcc/arm-none-eabi/6.2.1/../../../../arm-none-eabi/lib/thumb/v6-m\libc_nano.a(lib_a-nano-svfprintf.o)
 .ARM.attributes
                0x00000a76       0x2c c:/program files (x86)/atmel/studio/7.0/toolchain/arm/arm-gnu-toolchain/bin/../lib/gcc/arm-none-eabi/6.2.1/../../../../arm-none-eabi/lib/thumb/v6-m\libc_nano.a(lib_a-nano-vfprintf_i.o)
 .ARM.attributes
                0x00000aa2       0x2c c:/program files (x86)/atmel/studio/7.0/toolchain/arm/arm-gnu-toolchain/bin/../lib/gcc/arm-none-eabi/6.2.1/../../../../arm-none-eabi/lib/thumb/v6-m\libc_nano.a(lib_a-reent.o)
 .ARM.attributes
                0x00000ace       0x2c c:/program files (x86)/atmel/studio/7.0/toolchain/arm/arm-gnu-toolchain/bin/../lib/gcc/arm-none-eabi/6.2.1/../../../../arm-none-eabi/lib/thumb/v6-m\libc_nano.a(lib_a-memchr-stub.o)
 .ARM.attributes
                0x00000afa       0x2c c:/program files (x86)/atmel/studio/7.0/toolchain/arm/arm-gnu-toolchain/bin/../lib/gcc/arm-none-eabi/6.2.1/../../../../arm-none-eabi/lib/thumb/v6-m\libc_nano.a(lib_a-memcpy-stub.o)
 .ARM.attributes
                0x00000b26       0x2c c:/program files (x86)/atmel/studio/7.0/toolchain/arm/arm-gnu-toolchain/bin/../lib/gcc/arm-none-eabi/6.2.1/../../../../arm-none-eabi/lib/thumb/v6-m\libc_nano.a(lib_a-memmove.o)
 .ARM.attributes
                0x00000b52       0x2c c:/program files (x86)/atmel/studio/7.0/toolchain/arm/arm-gnu-toolchain/bin/../lib/gcc/arm-none-eabi/6.2.1/../../../../arm-none-eabi/lib/thumb/v6-m\libc_nano.a(lib_a-nano-reallocr.o)
 .ARM.attributes
                0x00000b7e       0x2c c:/program files (x86)/atmel/studio/7.0/toolchain/arm/arm-gnu-toolchain/bin/../lib/gcc/arm-none-eabi/6.2.1/../../../../arm-none-eabi/lib/thumb/v6-m\libc_nano.a(lib_a-nano-msizer.o)
 .ARM.attributes
                0x00000baa       0x1e c:/program files (x86)/atmel/studio/7.0/toolchain/arm/arm-gnu-toolchain/bin/../lib/gcc/arm-none-eabi/6.2.1/thumb/v6-m/crtn.o

.comment        0x00000000       0x59
 .comment       0x00000000       0x59 atmel_start.o
                                 0x5a (size before relaxing)
 .comment       0x00000059       0x5a Device_Startup/startup_samb11.o
 .comment       0x00000059       0x5a display/display.o
 .comment       0x00000059       0x5a display/ST7735.o
 .comment       0x00000059       0x5a driver_init.o
 .comment       0x00000059       0x5a hal/src/hal_atomic.o
 .comment       0x00000059       0x5a hal/src/hal_i2c_m_sync.o
 .comment       0x00000059       0x5a hal/src/hal_io.o
 .comment       0x00000059       0x5a hal/src/hal_spi_m_sync.o
 .comment       0x00000059       0x5a hal/src/hal_timer.o
 .comment       0x00000059       0x5a hal/utils/src/utils_assert.o
 .comment       0x00000059       0x5a hal/utils/src/utils_list.o
 .comment       0x00000059       0x5a hal/utils/src/utils_syscalls.o
 .comment       0x00000059       0x5a hpl/aon_sleep_timer/hpl_aon_sleep_timer.o
 .comment       0x00000059       0x5a hpl/core/hpl_init.o
 .comment       0x00000059       0x5a hpl/i2c/hpl_i2c.o
 .comment       0x00000059       0x5a hpl/lpmcu_misc_regs/hpl_lpmcu_misc_regs.o
 .comment       0x00000059       0x5a hpl/spi/hpl_spi.o
 .comment       0x00000059       0x5a logging/logging.o
 .comment       0x00000059       0x5a logging/spi_flash.o
 .comment       0x00000059       0x5a logging/system_sam_b.o
 .comment       0x00000059       0x5a main.o
 .comment       0x00000059       0x5a sensors/MS5837.o
 .comment       0x00000059       0x5a utilities.o

.debug_info     0x00000000    0x2bcd3
 .debug_info    0x00000000      0x496 atmel_start.o
 .debug_info    0x00000496      0x13b Device_Startup/startup_samb11.o
 .debug_info    0x000005d1     0x117f display/display.o
 .debug_info    0x00001750     0x1c23 display/ST7735.o
 .debug_info    0x00003373     0x80fd driver_init.o
 .debug_info    0x0000b470      0x1cc hal/src/hal_atomic.o
 .debug_info    0x0000b63c      0x86f hal/src/hal_i2c_m_sync.o
 .debug_info    0x0000beab      0x248 hal/src/hal_io.o
 .debug_info    0x0000c0f3      0x77e hal/src/hal_spi_m_sync.o
 .debug_info    0x0000c871      0x97a hal/src/hal_timer.o
 .debug_info    0x0000d1eb       0xe8 hal/utils/src/utils_assert.o
 .debug_info    0x0000d2d3      0x2ae hal/utils/src/utils_list.o
 .debug_info    0x0000d581      0xdb3 hal/utils/src/utils_syscalls.o
 .debug_info    0x0000e334      0xa7f hpl/aon_sleep_timer/hpl_aon_sleep_timer.o
 .debug_info    0x0000edb3       0xac hpl/core/hpl_init.o
 .debug_info    0x0000ee5f     0x70bc hpl/i2c/hpl_i2c.o
 .debug_info    0x00015f1b     0x4b3d hpl/lpmcu_misc_regs/hpl_lpmcu_misc_regs.o
 .debug_info    0x0001aa58     0x2952 hpl/spi/hpl_spi.o
 .debug_info    0x0001d3aa      0xb72 logging/logging.o
 .debug_info    0x0001df1c     0x5f1e logging/spi_flash.o
 .debug_info    0x00023e3a     0x60b5 logging/system_sam_b.o
 .debug_info    0x00029eef     0x1562 main.o
 .debug_info    0x0002b451      0x7c2 sensors/MS5837.o
 .debug_info    0x0002bc13       0xc0 utilities.o

.debug_abbrev   0x00000000     0x2b4d
 .debug_abbrev  0x00000000       0xea atmel_start.o
 .debug_abbrev  0x000000ea       0x9c Device_Startup/startup_samb11.o
 .debug_abbrev  0x00000186      0x262 display/display.o
 .debug_abbrev  0x000003e8      0x31e display/ST7735.o
 .debug_abbrev  0x00000706      0x2bd driver_init.o
 .debug_abbrev  0x000009c3      0x126 hal/src/hal_atomic.o
 .debug_abbrev  0x00000ae9      0x16d hal/src/hal_i2c_m_sync.o
 .debug_abbrev  0x00000c56       0xed hal/src/hal_io.o
 .debug_abbrev  0x00000d43      0x16f hal/src/hal_spi_m_sync.o
 .debug_abbrev  0x00000eb2      0x1ae hal/src/hal_timer.o
 .debug_abbrev  0x00001060       0x68 hal/utils/src/utils_assert.o
 .debug_abbrev  0x000010c8       0xe3 hal/utils/src/utils_list.o
 .debug_abbrev  0x000011ab      0x230 hal/utils/src/utils_syscalls.o
 .debug_abbrev  0x000013db      0x295 hpl/aon_sleep_timer/hpl_aon_sleep_timer.o
 .debug_abbrev  0x00001670       0x66 hpl/core/hpl_init.o
 .debug_abbrev  0x000016d6      0x343 hpl/i2c/hpl_i2c.o
 .debug_abbrev  0x00001a19      0x18b hpl/lpmcu_misc_regs/hpl_lpmcu_misc_regs.o
 .debug_abbrev  0x00001ba4      0x2eb hpl/spi/hpl_spi.o
 .debug_abbrev  0x00001e8f      0x206 logging/logging.o
 .debug_abbrev  0x00002095      0x351 logging/spi_flash.o
 .debug_abbrev  0x000023e6      0x25a logging/system_sam_b.o
 .debug_abbrev  0x00002640      0x2f6 main.o
 .debug_abbrev  0x00002936      0x19e sensors/MS5837.o
 .debug_abbrev  0x00002ad4       0x79 utilities.o

.debug_loc      0x00000000     0x54b0
 .debug_loc     0x00000000       0x2c atmel_start.o
 .debug_loc     0x0000002c       0x38 Device_Startup/startup_samb11.o
 .debug_loc     0x00000064       0x70 display/display.o
 .debug_loc     0x000000d4      0x508 display/ST7735.o
 .debug_loc     0x000005dc      0x910 driver_init.o
 .debug_loc     0x00000eec       0x9c hal/src/hal_atomic.o
 .debug_loc     0x00000f88      0x374 hal/src/hal_i2c_m_sync.o
 .debug_loc     0x000012fc       0x9c hal/src/hal_io.o
 .debug_loc     0x00001398      0x2cc hal/src/hal_spi_m_sync.o
 .debug_loc     0x00001664      0x2cc hal/src/hal_timer.o
 .debug_loc     0x00001930       0x38 hal/utils/src/utils_assert.o
 .debug_loc     0x00001968      0x150 hal/utils/src/utils_list.o
 .debug_loc     0x00001ab8      0x1ec hal/utils/src/utils_syscalls.o
 .debug_loc     0x00001ca4      0x41c hpl/aon_sleep_timer/hpl_aon_sleep_timer.o
 .debug_loc     0x000020c0       0x2c hpl/core/hpl_init.o
 .debug_loc     0x000020ec     0x1260 hpl/i2c/hpl_i2c.o
 .debug_loc     0x0000334c       0xd4 hpl/lpmcu_misc_regs/hpl_lpmcu_misc_regs.o
 .debug_loc     0x00003420     0x1520 hpl/spi/hpl_spi.o
 .debug_loc     0x00004940       0xd4 logging/logging.o
 .debug_loc     0x00004a14      0x2e8 logging/spi_flash.o
 .debug_loc     0x00004cfc      0x490 logging/system_sam_b.o
 .debug_loc     0x0000518c      0x242 main.o
 .debug_loc     0x000053ce       0xaa sensors/MS5837.o
 .debug_loc     0x00005478       0x38 utilities.o

.debug_aranges  0x00000000      0xeb0
 .debug_aranges
                0x00000000       0x20 atmel_start.o
 .debug_aranges
                0x00000020       0x20 Device_Startup/startup_samb11.o
 .debug_aranges
                0x00000040       0x28 display/display.o
 .debug_aranges
                0x00000068       0xd0 display/ST7735.o
 .debug_aranges
                0x00000138      0x178 driver_init.o
 .debug_aranges
                0x000002b0       0x30 hal/src/hal_atomic.o
 .debug_aranges
                0x000002e0       0x98 hal/src/hal_i2c_m_sync.o
 .debug_aranges
                0x00000378       0x30 hal/src/hal_io.o
 .debug_aranges
                0x000003a8       0x80 hal/src/hal_spi_m_sync.o
 .debug_aranges
                0x00000428       0x80 hal/src/hal_timer.o
 .debug_aranges
                0x000004a8       0x20 hal/utils/src/utils_assert.o
 .debug_aranges
                0x000004c8       0x48 hal/utils/src/utils_list.o
 .debug_aranges
                0x00000510       0x60 hal/utils/src/utils_syscalls.o
 .debug_aranges
                0x00000570       0xb0 hpl/aon_sleep_timer/hpl_aon_sleep_timer.o
 .debug_aranges
                0x00000620       0x20 hpl/core/hpl_init.o
 .debug_aranges
                0x00000640      0x2b8 hpl/i2c/hpl_i2c.o
 .debug_aranges
                0x000008f8       0x38 hpl/lpmcu_misc_regs/hpl_lpmcu_misc_regs.o
 .debug_aranges
                0x00000930      0x320 hpl/spi/hpl_spi.o
 .debug_aranges
                0x00000c50       0x38 logging/logging.o
 .debug_aranges
                0x00000c88       0x90 logging/spi_flash.o
 .debug_aranges
                0x00000d18       0xd0 logging/system_sam_b.o
 .debug_aranges
                0x00000de8       0x78 main.o
 .debug_aranges
                0x00000e60       0x30 sensors/MS5837.o
 .debug_aranges
                0x00000e90       0x20 utilities.o

.debug_ranges   0x00000000      0xd48
 .debug_ranges  0x00000000       0x10 atmel_start.o
 .debug_ranges  0x00000010       0x10 Device_Startup/startup_samb11.o
 .debug_ranges  0x00000020       0x18 display/display.o
 .debug_ranges  0x00000038       0xc0 display/ST7735.o
 .debug_ranges  0x000000f8      0x168 driver_init.o
 .debug_ranges  0x00000260       0x20 hal/src/hal_atomic.o
 .debug_ranges  0x00000280       0x88 hal/src/hal_i2c_m_sync.o
 .debug_ranges  0x00000308       0x20 hal/src/hal_io.o
 .debug_ranges  0x00000328       0x70 hal/src/hal_spi_m_sync.o
 .debug_ranges  0x00000398       0x88 hal/src/hal_timer.o
 .debug_ranges  0x00000420       0x10 hal/utils/src/utils_assert.o
 .debug_ranges  0x00000430       0x38 hal/utils/src/utils_list.o
 .debug_ranges  0x00000468       0x50 hal/utils/src/utils_syscalls.o
 .debug_ranges  0x000004b8       0xa0 hpl/aon_sleep_timer/hpl_aon_sleep_timer.o
 .debug_ranges  0x00000558       0x10 hpl/core/hpl_init.o
 .debug_ranges  0x00000568      0x2a8 hpl/i2c/hpl_i2c.o
 .debug_ranges  0x00000810       0x28 hpl/lpmcu_misc_regs/hpl_lpmcu_misc_regs.o
 .debug_ranges  0x00000838      0x310 hpl/spi/hpl_spi.o
 .debug_ranges  0x00000b48       0x28 logging/logging.o
 .debug_ranges  0x00000b70       0x80 logging/spi_flash.o
 .debug_ranges  0x00000bf0       0xc0 logging/system_sam_b.o
 .debug_ranges  0x00000cb0       0x68 main.o
 .debug_ranges  0x00000d18       0x20 sensors/MS5837.o
 .debug_ranges  0x00000d38       0x10 utilities.o

.debug_macro    0x00000000    0x1ef1e
 .debug_macro   0x00000000      0x48a atmel_start.o
 .debug_macro   0x0000048a      0x898 atmel_start.o
 .debug_macro   0x00000d22      0x16d atmel_start.o
 .debug_macro   0x00000e8f       0x22 atmel_start.o
 .debug_macro   0x00000eb1       0x87 atmel_start.o
 .debug_macro   0x00000f38       0x51 atmel_start.o
 .debug_macro   0x00000f89       0xef atmel_start.o
 .debug_macro   0x00001078       0x6a atmel_start.o
 .debug_macro   0x000010e2      0x1df atmel_start.o
 .debug_macro   0x000012c1       0x22 atmel_start.o
 .debug_macro   0x000012e3       0x40 atmel_start.o
 .debug_macro   0x00001323       0x3a atmel_start.o
 .debug_macro   0x0000135d       0x1f atmel_start.o
 .debug_macro   0x0000137c      0x242 atmel_start.o
 .debug_macro   0x000015be      0x3b8 atmel_start.o
 .debug_macro   0x00001976      0x7ea atmel_start.o
 .debug_macro   0x00002160     0x2324 atmel_start.o
 .debug_macro   0x00004484      0x4d4 atmel_start.o
 .debug_macro   0x00004958      0x516 atmel_start.o
 .debug_macro   0x00004e6e      0x5e3 atmel_start.o
 .debug_macro   0x00005451      0x4ab atmel_start.o
 .debug_macro   0x000058fc      0xe22 atmel_start.o
 .debug_macro   0x0000671e     0x895c atmel_start.o
 .debug_macro   0x0000f07a      0x2bb atmel_start.o
 .debug_macro   0x0000f335      0x107 atmel_start.o
 .debug_macro   0x0000f43c      0x791 atmel_start.o
 .debug_macro   0x0000fbcd     0x1520 atmel_start.o
 .debug_macro   0x000110ed      0x4d1 atmel_start.o
 .debug_macro   0x000115be      0x4ac atmel_start.o
 .debug_macro   0x00011a6a      0xe0c atmel_start.o
 .debug_macro   0x00012876      0x4bd atmel_start.o
 .debug_macro   0x00012d33      0x453 atmel_start.o
 .debug_macro   0x00013186      0x318 atmel_start.o
 .debug_macro   0x0001349e       0x6a atmel_start.o
 .debug_macro   0x00013508       0xb2 atmel_start.o
 .debug_macro   0x000135ba      0x24f atmel_start.o
 .debug_macro   0x00013809       0x5e atmel_start.o
 .debug_macro   0x00013867       0x5e atmel_start.o
 .debug_macro   0x000138c5       0x46 atmel_start.o
 .debug_macro   0x0001390b       0x46 atmel_start.o
 .debug_macro   0x00013951       0x58 atmel_start.o
 .debug_macro   0x000139a9       0x58 atmel_start.o
 .debug_macro   0x00013a01       0x88 atmel_start.o
 .debug_macro   0x00013a89       0x88 atmel_start.o
 .debug_macro   0x00013b11      0x17f atmel_start.o
 .debug_macro   0x00013c90      0x31a atmel_start.o
 .debug_macro   0x00013faa       0x22 atmel_start.o
 .debug_macro   0x00013fcc       0x1c atmel_start.o
 .debug_macro   0x00013fe8       0x6a atmel_start.o
 .debug_macro   0x00014052       0x76 atmel_start.o
 .debug_macro   0x000140c8       0x94 atmel_start.o
 .debug_macro   0x0001415c       0x94 atmel_start.o
 .debug_macro   0x000141f0       0x94 atmel_start.o
 .debug_macro   0x00014284       0x64 atmel_start.o
 .debug_macro   0x000142e8       0xf7 atmel_start.o
 .debug_macro   0x000143df       0x5e atmel_start.o
 .debug_macro   0x0001443d       0x70 atmel_start.o
 .debug_macro   0x000144ad       0x5e atmel_start.o
 .debug_macro   0x0001450b      0x1bd atmel_start.o
 .debug_macro   0x000146c8     0x354a atmel_start.o
 .debug_macro   0x00017c12       0x43 atmel_start.o
 .debug_macro   0x00017c55       0x10 atmel_start.o
 .debug_macro   0x00017c65       0x10 atmel_start.o
 .debug_macro   0x00017c75       0x16 atmel_start.o
 .debug_macro   0x00017c8b       0x16 atmel_start.o
 .debug_macro   0x00017ca1       0x16 atmel_start.o
 .debug_macro   0x00017cb7       0x16 atmel_start.o
 .debug_macro   0x00017ccd       0x16 atmel_start.o
 .debug_macro   0x00017ce3       0x16 atmel_start.o
 .debug_macro   0x00017cf9       0x16 atmel_start.o
 .debug_macro   0x00017d0f       0x16 atmel_start.o
 .debug_macro   0x00017d25       0x16 atmel_start.o
 .debug_macro   0x00017d3b       0x16 atmel_start.o
 .debug_macro   0x00017d51       0x16 atmel_start.o
 .debug_macro   0x00017d67       0x16 atmel_start.o
 .debug_macro   0x00017d7d       0x16 atmel_start.o
 .debug_macro   0x00017d93       0x16 atmel_start.o
 .debug_macro   0x00017da9       0x16 atmel_start.o
 .debug_macro   0x00017dbf       0x16 atmel_start.o
 .debug_macro   0x00017dd5       0x16 atmel_start.o
 .debug_macro   0x00017deb       0x16 atmel_start.o
 .debug_macro   0x00017e01       0xca atmel_start.o
 .debug_macro   0x00017ecb       0x1c atmel_start.o
 .debug_macro   0x00017ee7       0x16 atmel_start.o
 .debug_macro   0x00017efd      0x130 atmel_start.o
 .debug_macro   0x0001802d       0x70 atmel_start.o
 .debug_macro   0x0001809d       0xc9 atmel_start.o
 .debug_macro   0x00018166       0x1c atmel_start.o
 .debug_macro   0x00018182       0x3a atmel_start.o
 .debug_macro   0x000181bc      0x277 Device_Startup/startup_samb11.o
 .debug_macro   0x00018433       0x3a Device_Startup/startup_samb11.o
 .debug_macro   0x0001846d      0x556 display/display.o
 .debug_macro   0x000189c3       0x4c display/display.o
 .debug_macro   0x00018a0f       0x8d display/display.o
 .debug_macro   0x00018a9c       0x35 display/display.o
 .debug_macro   0x00018ad1       0x9c display/display.o
 .debug_macro   0x00018b6d       0x57 display/display.o
 .debug_macro   0x00018bc4       0x52 display/display.o
 .debug_macro   0x00018c16       0x1f display/display.o
 .debug_macro   0x00018c35       0x43 display/display.o
 .debug_macro   0x00018c78       0x20 display/display.o
 .debug_macro   0x00018c98      0x187 display/display.o
 .debug_macro   0x00018e1f      0x330 display/display.o
 .debug_macro   0x0001914f      0x1e1 display/display.o
 .debug_macro   0x00019330      0x14e display/display.o
 .debug_macro   0x0001947e      0x431 display/ST7735.o
 .debug_macro   0x000198af      0x1ae display/ST7735.o
 .debug_macro   0x00019a5d       0x10 display/ST7735.o
 .debug_macro   0x00019a6d      0x49e driver_init.o
 .debug_macro   0x00019f0b      0x378 hal/src/hal_atomic.o
 .debug_macro   0x0001a283      0x3b3 hal/src/hal_i2c_m_sync.o
 .debug_macro   0x0001a636       0x6a hal/src/hal_i2c_m_sync.o
 .debug_macro   0x0001a6a0      0x38b hal/src/hal_io.o
 .debug_macro   0x0001aa2b      0x3ce hal/src/hal_spi_m_sync.o
 .debug_macro   0x0001adf9      0x3be hal/src/hal_timer.o
 .debug_macro   0x0001b1b7      0x381 hal/utils/src/utils_assert.o
 .debug_macro   0x0001b538       0x10 hal/utils/src/utils_assert.o
 .debug_macro   0x0001b548      0x385 hal/utils/src/utils_list.o
 .debug_macro   0x0001b8cd      0x1d6 hal/utils/src/utils_syscalls.o
 .debug_macro   0x0001baa3       0x16 hal/utils/src/utils_syscalls.o
 .debug_macro   0x0001bab9       0x97 hal/utils/src/utils_syscalls.o
 .debug_macro   0x0001bb50       0xf6 hal/utils/src/utils_syscalls.o
 .debug_macro   0x0001bc46       0x10 hal/utils/src/utils_syscalls.o
 .debug_macro   0x0001bc56       0x10 hal/utils/src/utils_syscalls.o
 .debug_macro   0x0001bc66       0x1c hal/utils/src/utils_syscalls.o
 .debug_macro   0x0001bc82       0x52 hal/utils/src/utils_syscalls.o
 .debug_macro   0x0001bcd4       0x40 hal/utils/src/utils_syscalls.o
 .debug_macro   0x0001bd14       0x10 hal/utils/src/utils_syscalls.o
 .debug_macro   0x0001bd24       0x40 hal/utils/src/utils_syscalls.o
 .debug_macro   0x0001bd64       0xd7 hal/utils/src/utils_syscalls.o
 .debug_macro   0x0001be3b       0x16 hal/utils/src/utils_syscalls.o
 .debug_macro   0x0001be51      0x18b hal/utils/src/utils_syscalls.o
 .debug_macro   0x0001bfdc       0x4c hal/utils/src/utils_syscalls.o
 .debug_macro   0x0001c028       0x16 hal/utils/src/utils_syscalls.o
 .debug_macro   0x0001c03e       0x35 hal/utils/src/utils_syscalls.o
 .debug_macro   0x0001c073       0x10 hal/utils/src/utils_syscalls.o
 .debug_macro   0x0001c083       0x10 hal/utils/src/utils_syscalls.o
 .debug_macro   0x0001c093       0x35 hal/utils/src/utils_syscalls.o
 .debug_macro   0x0001c0c8      0x122 hal/utils/src/utils_syscalls.o
 .debug_macro   0x0001c1ea      0x3a1 hpl/aon_sleep_timer/hpl_aon_sleep_timer.o
 .debug_macro   0x0001c58b       0x22 hpl/aon_sleep_timer/hpl_aon_sleep_timer.o
 .debug_macro   0x0001c5ad      0x39d hpl/core/hpl_init.o
 .debug_macro   0x0001c94a      0x40b hpl/i2c/hpl_i2c.o
 .debug_macro   0x0001cd55      0x148 hpl/i2c/hpl_i2c.o
 .debug_macro   0x0001ce9d       0x1c hpl/i2c/hpl_i2c.o
 .debug_macro   0x0001ceb9      0x385 hpl/lpmcu_misc_regs/hpl_lpmcu_misc_regs.o
 .debug_macro   0x0001d23e      0x410 hpl/spi/hpl_spi.o
 .debug_macro   0x0001d64e       0x22 hpl/spi/hpl_spi.o
 .debug_macro   0x0001d670       0x10 hpl/spi/hpl_spi.o
 .debug_macro   0x0001d680       0x40 hpl/spi/hpl_spi.o
 .debug_macro   0x0001d6c0      0x461 logging/logging.o
 .debug_macro   0x0001db21       0x52 logging/logging.o
 .debug_macro   0x0001db73       0x10 logging/logging.o
 .debug_macro   0x0001db83       0x16 logging/logging.o
 .debug_macro   0x0001db99       0x9e logging/logging.o
 .debug_macro   0x0001dc37      0x44b logging/spi_flash.o
 .debug_macro   0x0001e082      0x381 logging/system_sam_b.o
 .debug_macro   0x0001e403       0x10 logging/system_sam_b.o
 .debug_macro   0x0001e413      0x5e8 main.o
 .debug_macro   0x0001e9fb       0x16 main.o
 .debug_macro   0x0001ea11      0x4a0 sensors/MS5837.o
 .debug_macro   0x0001eeb1       0x6d utilities.o

.debug_line     0x00000000    0x10ec4
 .debug_line    0x00000000      0xaad atmel_start.o
 .debug_line    0x00000aad      0x6ed Device_Startup/startup_samb11.o
 .debug_line    0x0000119a      0xbcc display/display.o
 .debug_line    0x00001d66      0xdd7 display/ST7735.o
 .debug_line    0x00002b3d      0xeda driver_init.o
 .debug_line    0x00003a17      0x965 hal/src/hal_atomic.o
 .debug_line    0x0000437c      0xae6 hal/src/hal_i2c_m_sync.o
 .debug_line    0x00004e62      0x989 hal/src/hal_io.o
 .debug_line    0x000057eb      0xae7 hal/src/hal_spi_m_sync.o
 .debug_line    0x000062d2      0xb59 hal/src/hal_timer.o
 .debug_line    0x00006e2b      0x929 hal/utils/src/utils_assert.o
 .debug_line    0x00007754      0x9c4 hal/utils/src/utils_list.o
 .debug_line    0x00008118      0x417 hal/utils/src/utils_syscalls.o
 .debug_line    0x0000852f      0xbef hpl/aon_sleep_timer/hpl_aon_sleep_timer.o
 .debug_line    0x0000911e      0x95a hpl/core/hpl_init.o
 .debug_line    0x00009a78     0x15e0 hpl/i2c/hpl_i2c.o
 .debug_line    0x0000b058      0x99c hpl/lpmcu_misc_regs/hpl_lpmcu_misc_regs.o
 .debug_line    0x0000b9f4     0x1766 hpl/spi/hpl_spi.o
 .debug_line    0x0000d15a      0xa24 logging/logging.o
 .debug_line    0x0000db7e      0xbdf logging/spi_flash.o
 .debug_line    0x0000e75d      0xcef logging/system_sam_b.o
 .debug_line    0x0000f44c      0xcfe main.o
 .debug_line    0x0001014a      0xb28 sensors/MS5837.o
 .debug_line    0x00010c72      0x252 utilities.o

.debug_str      0x00000000   0x117551
 .debug_str     0x00000000   0x108092 atmel_start.o
                             0x108371 (size before relaxing)
 .debug_str     0x00108092       0x7a Device_Startup/startup_samb11.o
                             0x105fab (size before relaxing)
 .debug_str     0x0010810c     0x38c4 display/display.o
                             0x10bd11 (size before relaxing)
 .debug_str     0x0010b9d0      0xd7f display/ST7735.o
                             0x108595 (size before relaxing)
 .debug_str     0x0010c74f     0x3f11 driver_init.o
                             0x10c7fc (size before relaxing)
 .debug_str     0x00110660       0x9c hal/src/hal_atomic.o
                             0x106e4e (size before relaxing)
 .debug_str     0x001106fc      0x1b4 hal/src/hal_i2c_m_sync.o
                             0x1077a5 (size before relaxing)
 .debug_str     0x001108b0       0x33 hal/src/hal_io.o
                             0x106efb (size before relaxing)
 .debug_str     0x001108e3      0x2e0 hal/src/hal_spi_m_sync.o
                             0x1077b1 (size before relaxing)
 .debug_str     0x00110bc3      0x2cc hal/src/hal_timer.o
                             0x10778d (size before relaxing)
 .debug_str     0x00110e8f       0x2a hal/utils/src/utils_assert.o
                             0x106e4a (size before relaxing)
 .debug_str     0x00110eb9       0x31 hal/utils/src/utils_list.o
                             0x106ef4 (size before relaxing)
 .debug_str     0x00110eea     0x1910 hal/utils/src/utils_syscalls.o
                               0x7183 (size before relaxing)
 .debug_str     0x001127fa      0x4e8 hpl/aon_sleep_timer/hpl_aon_sleep_timer.o
                             0x107ad2 (size before relaxing)
 .debug_str     0x00112ce2       0x2d hpl/core/hpl_init.o
                             0x106efb (size before relaxing)
 .debug_str     0x00112d0f     0x15c8 hpl/i2c/hpl_i2c.o
                             0x10bcdf (size before relaxing)
 .debug_str     0x001142d7      0x105 hpl/lpmcu_misc_regs/hpl_lpmcu_misc_regs.o
                             0x10a0a6 (size before relaxing)
 .debug_str     0x001143dc      0xe50 hpl/spi/hpl_spi.o
                             0x10946c (size before relaxing)
 .debug_str     0x0011522c      0x3ff logging/logging.o
                             0x10a200 (size before relaxing)
 .debug_str     0x0011562b      0xab0 logging/spi_flash.o
                             0x10d6de (size before relaxing)
 .debug_str     0x001160db     0x1115 logging/system_sam_b.o
                             0x10b0cb (size before relaxing)
 .debug_str     0x001171f0      0x212 main.o
                             0x10c97b (size before relaxing)
 .debug_str     0x00117402      0x132 sensors/MS5837.o
                             0x10859c (size before relaxing)
 .debug_str     0x00117534       0x1d utilities.o
                               0x33be (size before relaxing)

.debug_frame    0x00000000     0x3aa4
 .debug_frame   0x00000000       0x2c atmel_start.o
 .debug_frame   0x0000002c       0x30 Device_Startup/startup_samb11.o
 .debug_frame   0x0000005c       0x50 display/display.o
 .debug_frame   0x000000ac      0x308 display/ST7735.o
 .debug_frame   0x000003b4      0x560 driver_init.o
 .debug_frame   0x00000914       0x6c hal/src/hal_atomic.o
 .debug_frame   0x00000980      0x20c hal/src/hal_i2c_m_sync.o
 .debug_frame   0x00000b8c       0x6c hal/src/hal_io.o
 .debug_frame   0x00000bf8      0x1ac hal/src/hal_spi_m_sync.o
 .debug_frame   0x00000da4      0x1ac hal/src/hal_timer.o
 .debug_frame   0x00000f50       0x30 hal/utils/src/utils_assert.o
 .debug_frame   0x00000f80       0xd0 hal/utils/src/utils_list.o
 .debug_frame   0x00001050      0x12c hal/utils/src/utils_syscalls.o
 .debug_frame   0x0000117c      0x26c hpl/aon_sleep_timer/hpl_aon_sleep_timer.o
 .debug_frame   0x000013e8       0x2c hpl/core/hpl_init.o
 .debug_frame   0x00001414      0xa98 hpl/i2c/hpl_i2c.o
 .debug_frame   0x00001eac       0x8c hpl/lpmcu_misc_regs/hpl_lpmcu_misc_regs.o
 .debug_frame   0x00001f38      0xc28 hpl/spi/hpl_spi.o
 .debug_frame   0x00002b60       0x8c logging/logging.o
 .debug_frame   0x00002bec      0x1d0 logging/spi_flash.o
 .debug_frame   0x00002dbc      0x2c8 logging/system_sam_b.o
 .debug_frame   0x00003084      0x174 main.o
 .debug_frame   0x000031f8       0x74 sensors/MS5837.o
 .debug_frame   0x0000326c       0x30 utilities.o
 .debug_frame   0x0000329c       0x20 c:/program files (x86)/atmel/studio/7.0/toolchain/arm/arm-gnu-toolchain/bin/../lib/gcc/arm-none-eabi/6.2.1/thumb/v6-m\libgcc.a(_udivsi3.o)
 .debug_frame   0x000032bc       0x20 c:/program files (x86)/atmel/studio/7.0/toolchain/arm/arm-gnu-toolchain/bin/../lib/gcc/arm-none-eabi/6.2.1/thumb/v6-m\libgcc.a(_divsi3.o)
 .debug_frame   0x000032dc       0x34 c:/program files (x86)/atmel/studio/7.0/toolchain/arm/arm-gnu-toolchain/bin/../lib/gcc/arm-none-eabi/6.2.1/thumb/v6-m\libgcc.a(_muldi3.o)
 .debug_frame   0x00003310       0x3c c:/program files (x86)/atmel/studio/7.0/toolchain/arm/arm-gnu-toolchain/bin/../lib/gcc/arm-none-eabi/6.2.1/thumb/v6-m\libgcc.a(_udivmoddi4.o)
 .debug_frame   0x0000334c       0x2c c:/program files (x86)/atmel/studio/7.0/toolchain/arm/arm-gnu-toolchain/bin/../lib/gcc/arm-none-eabi/6.2.1/thumb/v6-m\libgcc.a(eqsf2.o)
 .debug_frame   0x00003378       0x30 c:/program files (x86)/atmel/studio/7.0/toolchain/arm/arm-gnu-toolchain/bin/../lib/gcc/arm-none-eabi/6.2.1/thumb/v6-m\libgcc.a(gesf2.o)
 .debug_frame   0x000033a8       0x30 c:/program files (x86)/atmel/studio/7.0/toolchain/arm/arm-gnu-toolchain/bin/../lib/gcc/arm-none-eabi/6.2.1/thumb/v6-m\libgcc.a(lesf2.o)
 .debug_frame   0x000033d8       0x3c c:/program files (x86)/atmel/studio/7.0/toolchain/arm/arm-gnu-toolchain/bin/../lib/gcc/arm-none-eabi/6.2.1/thumb/v6-m\libgcc.a(mulsf3.o)
 .debug_frame   0x00003414       0x38 c:/program files (x86)/atmel/studio/7.0/toolchain/arm/arm-gnu-toolchain/bin/../lib/gcc/arm-none-eabi/6.2.1/thumb/v6-m\libgcc.a(subsf3.o)
 .debug_frame   0x0000344c       0x20 c:/program files (x86)/atmel/studio/7.0/toolchain/arm/arm-gnu-toolchain/bin/../lib/gcc/arm-none-eabi/6.2.1/thumb/v6-m\libgcc.a(fixsfsi.o)
 .debug_frame   0x0000346c       0x2c c:/program files (x86)/atmel/studio/7.0/toolchain/arm/arm-gnu-toolchain/bin/../lib/gcc/arm-none-eabi/6.2.1/thumb/v6-m\libgcc.a(floatsisf.o)
 .debug_frame   0x00003498       0x3c c:/program files (x86)/atmel/studio/7.0/toolchain/arm/arm-gnu-toolchain/bin/../lib/gcc/arm-none-eabi/6.2.1/thumb/v6-m\libgcc.a(divdf3.o)
 .debug_frame   0x000034d4       0x38 c:/program files (x86)/atmel/studio/7.0/toolchain/arm/arm-gnu-toolchain/bin/../lib/gcc/arm-none-eabi/6.2.1/thumb/v6-m\libgcc.a(eqdf2.o)
 .debug_frame   0x0000350c       0x38 c:/program files (x86)/atmel/studio/7.0/toolchain/arm/arm-gnu-toolchain/bin/../lib/gcc/arm-none-eabi/6.2.1/thumb/v6-m\libgcc.a(gedf2.o)
 .debug_frame   0x00003544       0x38 c:/program files (x86)/atmel/studio/7.0/toolchain/arm/arm-gnu-toolchain/bin/../lib/gcc/arm-none-eabi/6.2.1/thumb/v6-m\libgcc.a(ledf2.o)
 .debug_frame   0x0000357c       0x2c c:/program files (x86)/atmel/studio/7.0/toolchain/arm/arm-gnu-toolchain/bin/../lib/gcc/arm-none-eabi/6.2.1/thumb/v6-m\libgcc.a(floatsidf.o)
 .debug_frame   0x000035a8       0x2c c:/program files (x86)/atmel/studio/7.0/toolchain/arm/arm-gnu-toolchain/bin/../lib/gcc/arm-none-eabi/6.2.1/thumb/v6-m\libgcc.a(extendsfdf2.o)
 .debug_frame   0x000035d4       0x30 c:/program files (x86)/atmel/studio/7.0/toolchain/arm/arm-gnu-toolchain/bin/../lib/gcc/arm-none-eabi/6.2.1/thumb/v6-m\libgcc.a(truncdfsf2.o)
 .debug_frame   0x00003604       0x2c c:/program files (x86)/atmel/studio/7.0/toolchain/arm/arm-gnu-toolchain/bin/../lib/gcc/arm-none-eabi/6.2.1/../../../../arm-none-eabi/lib/thumb/v6-m\libc_nano.a(lib_a-init.o)
 .debug_frame   0x00003630       0x40 c:/program files (x86)/atmel/studio/7.0/toolchain/arm/arm-gnu-toolchain/bin/../lib/gcc/arm-none-eabi/6.2.1/../../../../arm-none-eabi/lib/thumb/v6-m\libc_nano.a(lib_a-malloc.o)
 .debug_frame   0x00003670       0x20 c:/program files (x86)/atmel/studio/7.0/toolchain/arm/arm-gnu-toolchain/bin/../lib/gcc/arm-none-eabi/6.2.1/../../../../arm-none-eabi/lib/thumb/v6-m\libc_nano.a(lib_a-memset.o)
 .debug_frame   0x00003690       0x2c c:/program files (x86)/atmel/studio/7.0/toolchain/arm/arm-gnu-toolchain/bin/../lib/gcc/arm-none-eabi/6.2.1/../../../../arm-none-eabi/lib/thumb/v6-m\libc_nano.a(lib_a-nano-freer.o)
 .debug_frame   0x000036bc       0x2c c:/program files (x86)/atmel/studio/7.0/toolchain/arm/arm-gnu-toolchain/bin/../lib/gcc/arm-none-eabi/6.2.1/../../../../arm-none-eabi/lib/thumb/v6-m\libc_nano.a(lib_a-nano-mallocr.o)
 .debug_frame   0x000036e8       0x2c c:/program files (x86)/atmel/studio/7.0/toolchain/arm/arm-gnu-toolchain/bin/../lib/gcc/arm-none-eabi/6.2.1/../../../../arm-none-eabi/lib/thumb/v6-m\libc_nano.a(lib_a-sbrkr.o)
 .debug_frame   0x00003714       0x50 c:/program files (x86)/atmel/studio/7.0/toolchain/arm/arm-gnu-toolchain/bin/../lib/gcc/arm-none-eabi/6.2.1/../../../../arm-none-eabi/lib/thumb/v6-m\libc_nano.a(lib_a-sprintf.o)
 .debug_frame   0x00003764      0x140 c:/program files (x86)/atmel/studio/7.0/toolchain/arm/arm-gnu-toolchain/bin/../lib/gcc/arm-none-eabi/6.2.1/../../../../arm-none-eabi/lib/thumb/v6-m\libc_nano.a(lib_a-findfp.o)
 .debug_frame   0x000038a4       0x30 c:/program files (x86)/atmel/studio/7.0/toolchain/arm/arm-gnu-toolchain/bin/../lib/gcc/arm-none-eabi/6.2.1/../../../../arm-none-eabi/lib/thumb/v6-m\libc_nano.a(lib_a-mlock.o)
 .debug_frame   0x000038d4       0x74 c:/program files (x86)/atmel/studio/7.0/toolchain/arm/arm-gnu-toolchain/bin/../lib/gcc/arm-none-eabi/6.2.1/../../../../arm-none-eabi/lib/thumb/v6-m\libc_nano.a(lib_a-nano-svfprintf.o)
 .debug_frame   0x00003948       0x54 c:/program files (x86)/atmel/studio/7.0/toolchain/arm/arm-gnu-toolchain/bin/../lib/gcc/arm-none-eabi/6.2.1/../../../../arm-none-eabi/lib/thumb/v6-m\libc_nano.a(lib_a-nano-vfprintf_i.o)
 .debug_frame   0x0000399c       0x48 c:/program files (x86)/atmel/studio/7.0/toolchain/arm/arm-gnu-toolchain/bin/../lib/gcc/arm-none-eabi/6.2.1/../../../../arm-none-eabi/lib/thumb/v6-m\libc_nano.a(lib_a-reent.o)
 .debug_frame   0x000039e4       0x20 c:/program files (x86)/atmel/studio/7.0/toolchain/arm/arm-gnu-toolchain/bin/../lib/gcc/arm-none-eabi/6.2.1/../../../../arm-none-eabi/lib/thumb/v6-m\libc_nano.a(lib_a-memchr-stub.o)
 .debug_frame   0x00003a04       0x28 c:/program files (x86)/atmel/studio/7.0/toolchain/arm/arm-gnu-toolchain/bin/../lib/gcc/arm-none-eabi/6.2.1/../../../../arm-none-eabi/lib/thumb/v6-m\libc_nano.a(lib_a-memcpy-stub.o)
 .debug_frame   0x00003a2c       0x28 c:/program files (x86)/atmel/studio/7.0/toolchain/arm/arm-gnu-toolchain/bin/../lib/gcc/arm-none-eabi/6.2.1/../../../../arm-none-eabi/lib/thumb/v6-m\libc_nano.a(lib_a-memmove.o)
 .debug_frame   0x00003a54       0x30 c:/program files (x86)/atmel/studio/7.0/toolchain/arm/arm-gnu-toolchain/bin/../lib/gcc/arm-none-eabi/6.2.1/../../../../arm-none-eabi/lib/thumb/v6-m\libc_nano.a(lib_a-nano-reallocr.o)
 .debug_frame   0x00003a84       0x20 c:/program files (x86)/atmel/studio/7.0/toolchain/arm/arm-gnu-toolchain/bin/../lib/gcc/arm-none-eabi/6.2.1/../../../../arm-none-eabi/lib/thumb/v6-m\libc_nano.a(lib_a-nano-msizer.o)